Archive member included to satisfy reference by file (symbol)

/home/abc/Apps/STM32CUBEIDE_1.9.0/plugins/com.st.stm32cube.ide.mcu.externaltools.gnu-tools-for-stm32.10.3-2021.10.linux64_1.0.0.202111181127/tools/bin/../lib/gcc/arm-none-eabi/10.3.1/../../../../arm-none-eabi/lib/thumb/v7e-m/nofp/libc_nano.a(lib_a-errno.o)
                              ./Application/Core/syscalls.o (__errno)
/home/abc/Apps/STM32CUBEIDE_1.9.0/plugins/com.st.stm32cube.ide.mcu.externaltools.gnu-tools-for-stm32.10.3-2021.10.linux64_1.0.0.202111181127/tools/bin/../lib/gcc/arm-none-eabi/10.3.1/../../../../arm-none-eabi/lib/thumb/v7e-m/nofp/libc_nano.a(lib_a-exit.o)
                              /home/abc/Apps/STM32CUBEIDE_1.9.0/plugins/com.st.stm32cube.ide.mcu.externaltools.gnu-tools-for-stm32.10.3-2021.10.linux64_1.0.0.202111181127/tools/bin/../lib/gcc/arm-none-eabi/10.3.1/../../../../arm-none-eabi/lib/thumb/v7e-m/nofp/crt0.o (exit)
/home/abc/Apps/STM32CUBEIDE_1.9.0/plugins/com.st.stm32cube.ide.mcu.externaltools.gnu-tools-for-stm32.10.3-2021.10.linux64_1.0.0.202111181127/tools/bin/../lib/gcc/arm-none-eabi/10.3.1/../../../../arm-none-eabi/lib/thumb/v7e-m/nofp/libc_nano.a(lib_a-impure.o)
                              /home/abc/Apps/STM32CUBEIDE_1.9.0/plugins/com.st.stm32cube.ide.mcu.externaltools.gnu-tools-for-stm32.10.3-2021.10.linux64_1.0.0.202111181127/tools/bin/../lib/gcc/arm-none-eabi/10.3.1/../../../../arm-none-eabi/lib/thumb/v7e-m/nofp/libc_nano.a(lib_a-exit.o) (_global_impure_ptr)
/home/abc/Apps/STM32CUBEIDE_1.9.0/plugins/com.st.stm32cube.ide.mcu.externaltools.gnu-tools-for-stm32.10.3-2021.10.linux64_1.0.0.202111181127/tools/bin/../lib/gcc/arm-none-eabi/10.3.1/../../../../arm-none-eabi/lib/thumb/v7e-m/nofp/libc_nano.a(lib_a-init.o)
                              /home/abc/Apps/STM32CUBEIDE_1.9.0/plugins/com.st.stm32cube.ide.mcu.externaltools.gnu-tools-for-stm32.10.3-2021.10.linux64_1.0.0.202111181127/tools/bin/../lib/gcc/arm-none-eabi/10.3.1/../../../../arm-none-eabi/lib/thumb/v7e-m/nofp/crt0.o (__libc_init_array)
/home/abc/Apps/STM32CUBEIDE_1.9.0/plugins/com.st.stm32cube.ide.mcu.externaltools.gnu-tools-for-stm32.10.3-2021.10.linux64_1.0.0.202111181127/tools/bin/../lib/gcc/arm-none-eabi/10.3.1/../../../../arm-none-eabi/lib/thumb/v7e-m/nofp/libc_nano.a(lib_a-memcpy-stub.o)
                              ./Application/App/demo_concentrator.o (memcpy)
/home/abc/Apps/STM32CUBEIDE_1.9.0/plugins/com.st.stm32cube.ide.mcu.externaltools.gnu-tools-for-stm32.10.3-2021.10.linux64_1.0.0.202111181127/tools/bin/../lib/gcc/arm-none-eabi/10.3.1/../../../../arm-none-eabi/lib/thumb/v7e-m/nofp/libc_nano.a(lib_a-memset.o)
                              /home/abc/Apps/STM32CUBEIDE_1.9.0/plugins/com.st.stm32cube.ide.mcu.externaltools.gnu-tools-for-stm32.10.3-2021.10.linux64_1.0.0.202111181127/tools/bin/../lib/gcc/arm-none-eabi/10.3.1/../../../../arm-none-eabi/lib/thumb/v7e-m/nofp/crt0.o (memset)
/home/abc/Apps/STM32CUBEIDE_1.9.0/plugins/com.st.stm32cube.ide.mcu.externaltools.gnu-tools-for-stm32.10.3-2021.10.linux64_1.0.0.202111181127/tools/bin/../lib/gcc/arm-none-eabi/10.3.1/../../../../arm-none-eabi/lib/thumb/v7e-m/nofp/libc_nano.a(lib_a-strlen.o)
                              ./Application/Core/sys_app.o (strlen)
/home/abc/Apps/STM32CUBEIDE_1.9.0/plugins/com.st.stm32cube.ide.mcu.externaltools.gnu-tools-for-stm32.10.3-2021.10.linux64_1.0.0.202111181127/tools/bin/../lib/gcc/arm-none-eabi/10.3.1/../../../../arm-none-eabi/lib/thumb/v7e-m/nofp/libc_nano.a(lib_a-strncmp.o)
                              ./Application/App/demo_command.o (strncmp)
/home/abc/Apps/STM32CUBEIDE_1.9.0/plugins/com.st.stm32cube.ide.mcu.externaltools.gnu-tools-for-stm32.10.3-2021.10.linux64_1.0.0.202111181127/tools/bin/../lib/gcc/arm-none-eabi/10.3.1/../../../../arm-none-eabi/lib/thumb/v7e-m/nofp/libc_nano.a(lib_a-vsnprintf.o)
                              ./Application/Core/sys_app.o (vsnprintf)
/home/abc/Apps/STM32CUBEIDE_1.9.0/plugins/com.st.stm32cube.ide.mcu.externaltools.gnu-tools-for-stm32.10.3-2021.10.linux64_1.0.0.202111181127/tools/bin/../lib/gcc/arm-none-eabi/10.3.1/../../../../arm-none-eabi/lib/thumb/v7e-m/nofp/libc_nano.a(lib_a-nano-svfprintf.o)
                              /home/abc/Apps/STM32CUBEIDE_1.9.0/plugins/com.st.stm32cube.ide.mcu.externaltools.gnu-tools-for-stm32.10.3-2021.10.linux64_1.0.0.202111181127/tools/bin/../lib/gcc/arm-none-eabi/10.3.1/../../../../arm-none-eabi/lib/thumb/v7e-m/nofp/libc_nano.a(lib_a-vsnprintf.o) (_svfprintf_r)
/home/abc/Apps/STM32CUBEIDE_1.9.0/plugins/com.st.stm32cube.ide.mcu.externaltools.gnu-tools-for-stm32.10.3-2021.10.linux64_1.0.0.202111181127/tools/bin/../lib/gcc/arm-none-eabi/10.3.1/../../../../arm-none-eabi/lib/thumb/v7e-m/nofp/libc_nano.a(lib_a-nano-vfprintf_i.o)
[...]
Memory Configuration

Name             Origin             Length             Attributes
ROM              0x0000000008000000 0x0000000000040000 xr
RAM1             0x0000000020000000 0x0000000000008000 xrw
RAM2             0x0000000020008000 0x0000000000008000 xrw
*default*        0x0000000000000000 0xffffffffffffffff

Linker script and memory map

LOAD /home/abc/Apps/STM32CUBEIDE_1.9.0/plugins/com.st.stm32cube.ide.mcu.externaltools.gnu-tools-for-stm32.10.3-2021.10.linux64_1.0.0.202111181127/tools/bin/../lib/gcc/arm-none-eabi/10.3.1/thumb/v7e-m/nofp/crti.o
LOAD /home/abc/Apps/STM32CUBEIDE_1.9.0/plugins/com.st.stm32cube.ide.mcu.externaltools.gnu-tools-for-stm32.10.3-2021.10.linux64_1.0.0.202111181127/tools/bin/../lib/gcc/arm-none-eabi/10.3.1/thumb/v7e-m/nofp/crtbegin.o
LOAD /home/abc/Apps/STM32CUBEIDE_1.9.0/plugins/com.st.stm32cube.ide.mcu.externaltools.gnu-tools-for-stm32.10.3-2021.10.linux64_1.0.0.202111181127/tools/bin/../lib/gcc/arm-none-eabi/10.3.1/../../../../arm-none-eabi/lib/thumb/v7e-m/nofp/crt0.o
LOAD ./Application/App/demo_at.o
LOAD ./Application/App/demo_command.o
LOAD ./Application/App/demo_concentrator.o
LOAD ./Application/App/demo_report.o
LOAD ./Application/Common/demo_radio_utils.o
LOAD ./Application/Common/demo_regions.o
LOAD ./Application/Common/demo_utils.o
LOAD ./Application/Core/adc.o
LOAD ./Application/Core/adc_if.o
LOAD ./Application/Core/dma.o
LOAD ./Application/Core/main.o
LOAD ./Application/Core/rtc.o
LOAD ./Application/Core/stm32_lpm_if.o
LOAD ./Application/Core/stm32wlxx_hal_msp.o
LOAD ./Application/Core/stm32wlxx_it.o
LOAD ./Application/Core/subghz.o
LOAD ./Application/Core/sys_app.o
LOAD ./Application/Core/sys_debug.o
LOAD ./Application/Core/syscalls.o
LOAD ./Application/Core/sysmem.o
LOAD ./Application/Core/timer_if.o
LOAD ./Application/Core/usart.o
LOAD ./Application/Core/usart_if.o
LOAD ./Application/Startup/startup_stm32wl55xx_cm4.o
LOAD ./Application/Target/radio_board_if.o
LOAD ./Drivers/CMSIS/system_stm32wlxx.o
LOAD ./Drivers/STM32WLxx_HAL_Driver/stm32wlxx_hal.o
LOAD ./Drivers/STM32WLxx_HAL_Driver/stm32wlxx_hal_adc.o
LOAD ./Drivers/STM32WLxx_HAL_Driver/stm32wlxx_hal_adc_ex.o
LOAD ./Drivers/STM32WLxx_HAL_Driver/stm32wlxx_hal_cortex.o
LOAD ./Drivers/STM32WLxx_HAL_Driver/stm32wlxx_hal_dma.o
LOAD ./Drivers/STM32WLxx_HAL_Driver/stm32wlxx_hal_dma_ex.o
LOAD ./Drivers/STM32WLxx_HAL_Driver/stm32wlxx_hal_exti.o
LOAD ./Drivers/STM32WLxx_HAL_Driver/stm32wlxx_hal_gpio.o
LOAD ./Drivers/STM32WLxx_HAL_Driver/stm32wlxx_hal_pwr.o
LOAD ./Drivers/STM32WLxx_HAL_Driver/stm32wlxx_hal_pwr_ex.o
LOAD ./Drivers/STM32WLxx_HAL_Driver/stm32wlxx_hal_rcc.o
LOAD ./Drivers/STM32WLxx_HAL_Driver/stm32wlxx_hal_rcc_ex.o
LOAD ./Drivers/STM32WLxx_HAL_Driver/stm32wlxx_hal_rtc.o
LOAD ./Drivers/STM32WLxx_HAL_Driver/stm32wlxx_hal_rtc_ex.o
LOAD ./Drivers/STM32WLxx_HAL_Driver/stm32wlxx_hal_subghz.o
LOAD ./Drivers/STM32WLxx_HAL_Driver/stm32wlxx_hal_tim.o
LOAD ./Drivers/STM32WLxx_HAL_Driver/stm32wlxx_hal_tim_ex.o
LOAD ./Drivers/STM32WLxx_HAL_Driver/stm32wlxx_hal_uart.o
LOAD ./Drivers/STM32WLxx_HAL_Driver/stm32wlxx_hal_uart_ex.o
LOAD ./Drivers/STM32WLxx_HAL_Driver/stm32wlxx_ll_adc.o
LOAD ./Drivers/STM32WLxx_Nucleo/stm32wlxx_nucleo.o
LOAD ./Drivers/STM32WLxx_Nucleo/stm32wlxx_nucleo_radio.o
LOAD ./Middlewares/SubGHz_Phy/radio.o
LOAD ./Middlewares/SubGHz_Phy/radio_driver.o
LOAD ./Utilities/stm32_adv_trace.o
LOAD ./Utilities/stm32_lpm.o
LOAD ./Utilities/stm32_mem.o
LOAD ./Utilities/stm32_seq.o
LOAD ./Utilities/stm32_systime.o
LOAD ./Utilities/stm32_timer.o
LOAD ./Utilities/stm32_tiny_sscanf.o
LOAD ./Utilities/stm32_tiny_vsnprintf.o
START GROUP
LOAD /home/abc/Apps/STM32CUBEIDE_1.9.0/plugins/com.st.stm32cube.ide.mcu.externaltools.gnu-tools-for-stm32.10.3-2021.10.linux64_1.0.0.202111181127/tools/bin/../lib/gcc/arm-none-eabi/10.3.1/../../../../arm-none-eabi/lib/thumb/v7e-m/nofp/libc_nano.a
LOAD /home/abc/Apps/STM32CUBEIDE_1.9.0/plugins/com.st.stm32cube.ide.mcu.externaltools.gnu-tools-for-stm32.10.3-2021.10.linux64_1.0.0.202111181127/tools/bin/../lib/gcc/arm-none-eabi/10.3.1/../../../../arm-none-eabi/lib/thumb/v7e-m/nofp/libm.a
END GROUP
START GROUP
LOAD /home/abc/Apps/STM32CUBEIDE_1.9.0/plugins/com.st.stm32cube.ide.mcu.externaltools.gnu-tools-for-stm32.10.3-2021.10.linux64_1.0.0.202111181127/tools/bin/../lib/gcc/arm-none-eabi/10.3.1/thumb/v7e-m/nofp/libgcc.a
LOAD /home/abc/Apps/STM32CUBEIDE_1.9.0/plugins/com.st.stm32cube.ide.mcu.externaltools.gnu-tools-for-stm32.10.3-2021.10.linux64_1.0.0.202111181127/tools/bin/../lib/gcc/arm-none-eabi/10.3.1/../../../../arm-none-eabi/lib/thumb/v7e-m/nofp/libc_nano.a
END GROUP
START GROUP
LOAD /home/abc/Apps/STM32CUBEIDE_1.9.0/plugins/com.st.stm32cube.ide.mcu.externaltools.gnu-tools-for-stm32.10.3-2021.10.linux64_1.0.0.202111181127/tools/bin/../lib/gcc/arm-none-eabi/10.3.1/thumb/v7e-m/nofp/libgcc.a
LOAD /home/abc/Apps/STM32CUBEIDE_1.9.0/plugins/com.st.stm32cube.ide.mcu.externaltools.gnu-tools-for-stm32.10.3-2021.10.linux64_1.0.0.202111181127/tools/bin/../lib/gcc/arm-none-eabi/10.3.1/../../../../arm-none-eabi/lib/thumb/v7e-m/nofp/libc_nano.a
LOAD /home/abc/Apps/STM32CUBEIDE_1.9.0/plugins/com.st.stm32cube.ide.mcu.externaltools.gnu-tools-for-stm32.10.3-2021.10.linux64_1.0.0.202111181127/tools/bin/../lib/gcc/arm-none-eabi/10.3.1/../../../../arm-none-eabi/lib/thumb/v7e-m/nofp/libnosys.a
END GROUP
START GROUP
LOAD /home/abc/Apps/STM32CUBEIDE_1.9.0/plugins/com.st.stm32cube.ide.mcu.externaltools.gnu-tools-for-stm32.10.3-2021.10.linux64_1.0.0.202111181127/tools/bin/../lib/gcc/arm-none-eabi/10.3.1/thumb/v7e-m/nofp/libgcc.a
LOAD /home/abc/Apps/STM32CUBEIDE_1.9.0/plugins/com.st.stm32cube.ide.mcu.externaltools.gnu-tools-for-stm32.10.3-2021.10.linux64_1.0.0.202111181127/tools/bin/../lib/gcc/arm-none-eabi/10.3.1/../../../../arm-none-eabi/lib/thumb/v7e-m/nofp/libc_nano.a
LOAD /home/abc/Apps/STM32CUBEIDE_1.9.0/plugins/com.st.stm32cube.ide.mcu.externaltools.gnu-tools-for-stm32.10.3-2021.10.linux64_1.0.0.202111181127/tools/bin/../lib/gcc/arm-none-eabi/10.3.1/../../../../arm-none-eabi/lib/thumb/v7e-m/nofp/libnosys.a
END GROUP
LOAD /home/abc/Apps/STM32CUBEIDE_1.9.0/plugins/com.st.stm32cube.ide.mcu.externaltools.gnu-tools-for-stm32.10.3-2021.10.linux64_1.0.0.202111181127/tools/bin/../lib/gcc/arm-none-eabi/10.3.1/thumb/v7e-m/nofp/crtend.o
LOAD /home/abc/Apps/STM32CUBEIDE_1.9.0/plugins/com.st.stm32cube.ide.mcu.externaltools.gnu-tools-for-stm32.10.3-2021.10.linux64_1.0.0.202111181127/tools/bin/../lib/gcc/arm-none-eabi/10.3.1/thumb/v7e-m/nofp/crtn.o
                0x0000000020008000                _estack = (ORIGIN (RAM1) + LENGTH (RAM1))
                0x0000000000000200                _Min_Heap_Size = 0x200
                0x0000000000000800                _Min_Stack_Size = 0x800

.isr_vector     0x0000000008000000      0x138
                0x0000000008000000                . = ALIGN (0x8)
 *(.isr_vector)
 .isr_vector    0x0000000008000000      0x138 ./Application/Startup/startup_stm32wl55xx_cm4.o
                0x0000000008000000                g_pfnVectors
                0x0000000008000138                . = ALIGN (0x8)

.text           0x0000000008000140     0xef88
                0x0000000008000140                . = ALIGN (0x8)
 *(.text)
 .text          0x0000000008000140       0x40 /home/abc/Apps/STM32CUBEIDE_1.9.0/plugins/com.st.stm32cube.ide.mcu.externaltools.gnu-tools-for-stm32.10.3-2021.10.linux64_1.0.0.202111181127/tools/bin/../lib/gcc/arm-none-eabi/10.3.1/thumb/v7e-m/nofp/crtbegin.o
 .text          0x0000000008000180       0x10 /home/abc/Apps/STM32CUBEIDE_1.9.0/plugins/com.st.stm32cube.ide.mcu.externaltools.gnu-tools-for-stm32.10.3-2021.10.linux64_1.0.0.202111181127/tools/bin/../lib/gcc/arm-none-eabi/10.3.1/../../../../arm-none-eabi/lib/thumb/v7e-m/nofp/libc_nano.a(lib_a-strlen.o)
                0x0000000008000180                strlen
 .text          0x0000000008000190       0xa0 /home/abc/Apps/STM32CUBEIDE_1.9.0/plugins/com.st.stm32cube.ide.mcu.externaltools.gnu-tools-for-stm32.10.3-2021.10.linux64_1.0.0.202111181127/tools/bin/../lib/gcc/arm-none-eabi/10.3.1/../../../../arm-none-eabi/lib/thumb/v7e-m/nofp/libc_nano.a(lib_a-memchr.o)
                0x0000000008000190                memchr
 .text          0x0000000008000230       0x30 /home/abc/Apps/STM32CUBEIDE_1.9.0/plugins/com.st.stm32cube.ide.mcu.externaltools.gnu-tools-for-stm32.10.3-2021.10.linux64_1.0.0.202111181127/tools/bin/../lib/gcc/arm-none-eabi/10.3.1/thumb/v7e-m/nofp/libgcc.a(_aeabi_uldivmod.o)
                0x0000000008000230                __aeabi_uldivmod
 .text          0x0000000008000260      0x2d0 /home/abc/Apps/STM32CUBEIDE_1.9.0/plugins/com.st.stm32cube.ide.mcu.externaltools.gnu-tools-for-stm32.10.3-2021.10.linux64_1.0.0.202111181127/tools/bin/../lib/gcc/arm-none-eabi/10.3.1/thumb/v7e-m/nofp/libgcc.a(_udivmoddi4.o)
                0x0000000008000260                __udivmoddi4
 .text          0x0000000008000530        0x4 /home/abc/Apps/STM32CUBEIDE_1.9.0/plugins/com.st.stm32cube.ide.mcu.externaltools.gnu-tools-for-stm32.10.3-2021.10.linux64_1.0.0.202111181127/tools/bin/../lib/gcc/arm-none-eabi/10.3.1/thumb/v7e-m/nofp/libgcc.a(_dvmd_tls.o)
                0x0000000008000530                __aeabi_ldiv0
                0x0000000008000530                __aeabi_idiv0
 *(.text*)
 .text.__NVIC_SystemReset
                0x0000000008000534       0x2c ./Application/App/demo_at.o
 .text.at_init  0x0000000008000560       0x7c ./Application/App/demo_at.o
                0x0000000008000560                at_init
 .text.at_return_error
                0x00000000080005dc       0x14 ./Application/App/demo_at.o
                0x00000000080005dc                at_return_error
 .text.at_reset
                0x00000000080005f0        0xc ./Application/App/demo_at.o
                0x00000000080005f0                at_reset
 .text.at_version_get
                0x00000000080005fc       0x24 ./Application/App/demo_at.o
                0x00000000080005fc                at_version_get
 .text.at_verbose_set
                0x0000000008000620       0x6c ./Application/App/demo_at.o
                0x0000000008000620                at_verbose_set
 .text.at_verbose_get
                0x000000000800068c       0x2c ./Application/App/demo_at.o
                0x000000000800068c                at_verbose_get
 .text.at_list_regions
                0x00000000080006b8      0x120 ./Application/App/demo_at.o
                0x00000000080006b8                at_list_regions
 .text.at_DE_set
                0x00000000080007d8       0x74 ./Application/App/demo_at.o
                0x00000000080007d8                at_DE_set
 .text.at_DE_get
                0x000000000800084c       0x34 ./Application/App/demo_at.o
                0x000000000800084c                at_DE_get
 .text.at_CR_set
                0x0000000008000880       0x78 ./Application/App/demo_at.o
                0x0000000008000880                at_CR_set
 .text.at_CR_get
                0x00000000080008f8       0x34 ./Application/App/demo_at.o
                0x00000000080008f8                at_CR_get
 .text.at_SF_set
                0x000000000800092c       0x78 ./Application/App/demo_at.o
                0x000000000800092c                at_SF_set
 .text.at_SF_get
                0x00000000080009a4       0x34 ./Application/App/demo_at.o
                0x00000000080009a4                at_SF_get
 .text.at_BW_set
                0x00000000080009d8       0x74 ./Application/App/demo_at.o
                0x00000000080009d8                at_BW_set
 .text.at_BW_get
                0x0000000008000a4c       0x34 ./Application/App/demo_at.o
                0x0000000008000a4c                at_BW_get
 .text.at_RISE_set
                0x0000000008000a80       0x74 ./Application/App/demo_at.o
                0x0000000008000a80                at_RISE_set
 .text.at_RISE_get
                0x0000000008000af4       0x34 ./Application/App/demo_at.o
                0x0000000008000af4                at_RISE_get
 .text.at_BR_set
                0x0000000008000b28       0x84 ./Application/App/demo_at.o
                0x0000000008000b28                at_BR_set
 .text.at_BR_get
                0x0000000008000bac       0x30 ./Application/App/demo_at.o
                0x0000000008000bac                at_BR_get
 .text.at_FDEV_set
                0x0000000008000bdc       0x78 ./Application/App/demo_at.o
                0x0000000008000bdc                at_FDEV_set
 .text.at_FDEV_get
                0x0000000008000c54       0x30 ./Application/App/demo_at.o
                0x0000000008000c54                at_FDEV_get
 .text.at_BT_set
                0x0000000008000c84       0x74 ./Application/App/demo_at.o
                0x0000000008000c84                at_BT_set
 .text.at_BT_get
                0x0000000008000cf8       0x34 ./Application/App/demo_at.o
                0x0000000008000cf8                at_BT_get
 .text.at_REGION_set
                0x0000000008000d2c       0x68 ./Application/App/demo_at.o
                0x0000000008000d2c                at_REGION_set
 .text.at_REGION_get
                0x0000000008000d94       0x2c ./Application/App/demo_at.o
                0x0000000008000d94                at_REGION_get
 .text.at_SUBREGION_set
                0x0000000008000dc0       0x68 ./Application/App/demo_at.o
                0x0000000008000dc0                at_SUBREGION_set
 .text.at_SUBREGION_get
                0x0000000008000e28       0x2c ./Application/App/demo_at.o
                0x0000000008000e28                at_SUBREGION_get
 .text.at_beacon_get
                0x0000000008000e54       0x40 ./Application/App/demo_at.o
                0x0000000008000e54                at_beacon_get
 .text.at_beacon_set
                0x0000000008000e94       0xc4 ./Application/App/demo_at.o
                0x0000000008000e94                at_beacon_set
 .text.at_beacon_run
                0x0000000008000f58       0x1c ./Application/App/demo_at.o
                0x0000000008000f58                at_beacon_run
 .text.at_mod_helper
                0x0000000008000f74      0x110 ./Application/App/demo_at.o
                0x0000000008000f74                at_mod_helper
 .text.at_mod_lora
                0x0000000008001084       0x1c ./Application/App/demo_at.o
                0x0000000008001084                at_mod_lora
 .text.at_mod_fsk
                0x00000000080010a0       0x1c ./Application/App/demo_at.o
                0x00000000080010a0                at_mod_fsk
 .text.at_mod_test_lora
                0x00000000080010bc       0x1c ./Application/App/demo_at.o
                0x00000000080010bc                at_mod_test_lora
 .text.at_mod_test_fsk
                0x00000000080010d8       0x1c ./Application/App/demo_at.o
                0x00000000080010d8                at_mod_test_fsk
 .text.CMD_Init
                0x00000000080010f4       0x60 ./Application/App/demo_command.o
                0x00000000080010f4                CMD_Init
 .text.CMD_Process
                0x0000000008001154      0x1d0 ./Application/App/demo_command.o
                0x0000000008001154                CMD_Process
 .text.CMD_ProcessBackSpace
                0x0000000008001324       0xd4 ./Application/App/demo_command.o
 .text.CMD_GetChar
                0x00000000080013f8       0x80 ./Application/App/demo_command.o
 .text.parse_cmd
                0x0000000008001478      0x180 ./Application/App/demo_command.o
 .text.com_error
                0x00000000080015f8       0x3c ./Application/App/demo_command.o
 .text.__NVIC_EnableIRQ
                0x0000000008001634       0x38 ./Application/App/demo_concentrator.o
 .text.__NVIC_SetPriority
                0x000000000800166c       0x54 ./Application/App/demo_concentrator.o
 .text.LL_RCC_LSE_Enable
                0x00000000080016c0       0x20 ./Application/App/demo_concentrator.o
 .text.LL_RCC_LSE_IsReady
                0x00000000080016e0       0x22 ./Application/App/demo_concentrator.o
 .text.LL_RCC_SetLPTIMClockSource
                0x0000000008001702       0x32 ./Application/App/demo_concentrator.o
 .text.LL_APB1_GRP1_EnableClock
                0x0000000008001734       0x30 ./Application/App/demo_concentrator.o
 .text.LL_APB1_GRP1_ForceReset
                0x0000000008001764       0x22 ./Application/App/demo_concentrator.o
 .text.LL_APB1_GRP1_ReleaseReset
                0x0000000008001786       0x24 ./Application/App/demo_concentrator.o
 *fill*         0x00000000080017aa        0x2 
 .text.DEMO_PRND_Next
                0x00000000080017ac       0x88 ./Application/App/demo_concentrator.o
 .text.LL_LPTIM_Enable
                0x0000000008001834       0x1e ./Application/App/demo_concentrator.o
 .text.LL_LPTIM_StartCounter
                0x0000000008001852       0x24 ./Application/App/demo_concentrator.o
 .text.LL_LPTIM_SetAutoReload
                0x0000000008001876       0x24 ./Application/App/demo_concentrator.o
 .text.LL_LPTIM_GetCounter
                0x000000000800189a       0x18 ./Application/App/demo_concentrator.o
 .text.LL_LPTIM_SetCounterMode
                0x00000000080018b2       0x24 ./Application/App/demo_concentrator.o
 .text.LL_LPTIM_SetPrescaler
                0x00000000080018d6       0x24 ./Application/App/demo_concentrator.o
 .text.LL_LPTIM_SetClockSource
                0x00000000080018fa       0x24 ./Application/App/demo_concentrator.o
 .text.LL_LPTIM_ClearFLAG_ARRM
                0x000000000800191e       0x1e ./Application/App/demo_concentrator.o
 .text.LL_LPTIM_ClearFlag_ARROK
                0x000000000800193c       0x1e ./Application/App/demo_concentrator.o
 .text.LL_LPTIM_IsActiveFlag_ARROK
                0x000000000800195a       0x24 ./Application/App/demo_concentrator.o
 .text.LL_LPTIM_EnableIT_ARRM
                0x000000000800197e       0x1e ./Application/App/demo_concentrator.o
 .text.CONC_Init
                0x000000000800199c      0x1f8 ./Application/App/demo_concentrator.o
                0x000000000800199c                CONC_Init
 .text.StartLPTIM
                0x0000000008001b94       0x1c ./Application/App/demo_concentrator.o
 .text.CONC_StartBeacon
                0x0000000008001bb0      0x214 ./Application/App/demo_concentrator.o
                0x0000000008001bb0                CONC_StartBeacon
 .text.CONC_StopBeacon
                0x0000000008001dc4       0x40 ./Application/App/demo_concentrator.o
                0x0000000008001dc4                CONC_StopBeacon
 .text.CONC_IsEnabled
                0x0000000008001e04       0x18 ./Application/App/demo_concentrator.o
                0x0000000008001e04                CONC_IsEnabled
 .text.CONC_SetModLora
                0x0000000008001e1c      0x1a8 ./Application/App/demo_concentrator.o
                0x0000000008001e1c                CONC_SetModLora
 .text.CONC_SetModFSK
                0x0000000008001fc4      0x1c0 ./Application/App/demo_concentrator.o
                0x0000000008001fc4                CONC_SetModFSK
 .text.LedsOff  0x0000000008002184       0x1c ./Application/App/demo_concentrator.o
 .text.LedsEffect
                0x00000000080021a0       0x70 ./Application/App/demo_concentrator.o
 .text.LedBlink
                0x0000000008002210       0x24 ./Application/App/demo_concentrator.o
 .text.SendBeacon
                0x0000000008002234      0x230 ./Application/App/demo_concentrator.o
 .text.SendSync
                0x0000000008002464      0x1b4 ./Application/App/demo_concentrator.o
 .text.Receive  0x0000000008002618      0x254 ./Application/App/demo_concentrator.o
 .text.EvaluateLastPeriod
                0x000000000800286c      0x1cc ./Application/App/demo_concentrator.o
 .text.FindEui  0x0000000008002a38       0x60 ./Application/App/demo_concentrator.o
 .text.AddCodingChanges
                0x0000000008002a98      0x148 ./Application/App/demo_concentrator.o
 .text.LPTIM1_IRQHandler
                0x0000000008002be0       0xb8 ./Application/App/demo_concentrator.o
                0x0000000008002be0                LPTIM1_IRQHandler
 .text.TxDone   0x0000000008002c98       0x54 ./Application/App/demo_concentrator.o
 .text.TxTimeout
                0x0000000008002cec        0xe ./Application/App/demo_concentrator.o
 *fill*         0x0000000008002cfa        0x2 
 .text.RxDone   0x0000000008002cfc      0x1a4 ./Application/App/demo_concentrator.o
 .text.RxTimeout
                0x0000000008002ea0        0xc ./Application/App/demo_concentrator.o
 .text.RxError  0x0000000008002eac        0xc ./Application/App/demo_concentrator.o
 .text.FhssChangeChannel
                0x0000000008002eb8       0x14 ./Application/App/demo_concentrator.o
 .text.CadDone  0x0000000008002ecc       0x14 ./Application/App/demo_concentrator.o
 .text.Prbs9Init
                0x0000000008002ee0       0x18 ./Application/App/demo_concentrator.o
 .text.Prbs9Next
                0x0000000008002ef8       0x50 ./Application/App/demo_concentrator.o
 .text.CONC_Report_LOST
                0x0000000008002f48       0x2c ./Application/App/demo_report.o
                0x0000000008002f48                CONC_Report_LOST
 .text.CONC_Report_MOD_OK
                0x0000000008002f74       0x2c ./Application/App/demo_report.o
                0x0000000008002f74                CONC_Report_MOD_OK
 .text.CheckAndUpdateLength
                0x0000000008002fa0       0x68 ./Application/App/demo_report.o
 .text.CONC_Report_RCV
                0x0000000008003008       0xdc ./Application/App/demo_report.o
                0x0000000008003008                CONC_Report_RCV
 .text.Report_1_0_RCV
                0x00000000080030e4      0x11c ./Application/App/demo_report.o
 .text.DEMO_WaitForFreeChannel
                0x0000000008003200       0xa4 ./Application/Common/demo_radio_utils.o
                0x0000000008003200                DEMO_WaitForFreeChannel
 .text.DEMO_GetShaping
                0x00000000080032a4       0x4c ./Application/Common/demo_radio_utils.o
                0x00000000080032a4                DEMO_GetShaping
 .text.DEMO_GetSpreadingFactor
                0x00000000080032f0       0x1c ./Application/Common/demo_radio_utils.o
                0x00000000080032f0                DEMO_GetSpreadingFactor
 .text.DEMO_GetBandwidth
                0x000000000800330c       0x74 ./Application/Common/demo_radio_utils.o
                0x000000000800330c                DEMO_GetBandwidth
 .text.DEMO_GetCoderate
                0x0000000008003380       0x1c ./Application/Common/demo_radio_utils.o
                0x0000000008003380                DEMO_GetCoderate
 .text.DEMO_ConvertFSKBandwidth
                0x000000000800339c      0x14c ./Application/Common/demo_radio_utils.o
                0x000000000800339c                DEMO_ConvertFSKBandwidth
 .text.DEMO_TimeOnAirLora
                0x00000000080034e8       0xe4 ./Application/Common/demo_utils.o
                0x00000000080034e8                DEMO_TimeOnAirLora
 .text.DEMO_TimeOnAirFsk
                0x00000000080035cc       0x3a ./Application/Common/demo_utils.o
                0x00000000080035cc                DEMO_TimeOnAirFsk
 .text.DEMO_MaxPayloadLora
                0x0000000008003606       0x4e ./Application/Common/demo_utils.o
                0x0000000008003606                DEMO_MaxPayloadLora
 .text.DEMO_MaxPayloadFsk
                0x0000000008003654       0x4e ./Application/Common/demo_utils.o
                0x0000000008003654                DEMO_MaxPayloadFsk
 .text.DEMO_DefaultCoding
                0x00000000080036a2       0xe4 ./Application/Common/demo_utils.o
                0x00000000080036a2                DEMO_DefaultCoding
 .text.DEMO_IsCodingDefault
                0x0000000008003786       0xe6 ./Application/Common/demo_utils.o
                0x0000000008003786                DEMO_IsCodingDefault
 .text.DEMO_BandwidthLora
                0x000000000800386c       0x50 ./Application/Common/demo_utils.o
                0x000000000800386c                DEMO_BandwidthLora
 .text.DEMO_BandwidthFsk
                0x00000000080038bc       0x7c ./Application/Common/demo_utils.o
                0x00000000080038bc                DEMO_BandwidthFsk
 .text.CheckLimits
                0x0000000008003938       0x30 ./Application/Common/demo_utils.o
 .text.DEMO_ValidateCodingHdr
                0x0000000008003968       0x56 ./Application/Common/demo_utils.o
                0x0000000008003968                DEMO_ValidateCodingHdr
 .text.DEMO_ValidateCodingLora
                0x00000000080039be       0x82 ./Application/Common/demo_utils.o
                0x00000000080039be                DEMO_ValidateCodingLora
 .text.DEMO_ValidateCodingFsk
                0x0000000008003a40       0xe0 ./Application/Common/demo_utils.o
                0x0000000008003a40                DEMO_ValidateCodingFsk
 .text.SYS_InitMeasurement
                0x0000000008003b20       0x1c ./Application/Core/adc_if.o
                0x0000000008003b20                SYS_InitMeasurement
 .text.LL_AHB1_GRP1_EnableClock
                0x0000000008003b3c       0x30 ./Application/Core/dma.o
 .text.MX_DMA_Init
                0x0000000008003b6c       0x24 ./Application/Core/dma.o
                0x0000000008003b6c                MX_DMA_Init
 .text.LL_RCC_LSE_SetDriveCapability
                0x0000000008003b90       0x2a ./Application/Core/main.o
 *fill*         0x0000000008003bba        0x2 
 .text.main     0x0000000008003bbc       0x90 ./Application/Core/main.o
                0x0000000008003bbc                main
 .text.SystemClock_Config
                0x0000000008003c4c       0xb4 ./Application/Core/main.o
                0x0000000008003c4c                SystemClock_Config
 .text.Error_Handler
                0x0000000008003d00        0x6 ./Application/Core/main.o
                0x0000000008003d00                Error_Handler
 .text.launch_CMD_task
                0x0000000008003d06       0x10 ./Application/Core/main.o
 .text.LL_RCC_EnableRTC
                0x0000000008003d16       0x20 ./Application/Core/rtc.o
 .text.LL_APB1_GRP1_EnableClock
                0x0000000008003d36       0x30 ./Application/Core/rtc.o
 *fill*         0x0000000008003d66        0x2 
 .text.MX_RTC_Init
                0x0000000008003d68       0xa4 ./Application/Core/rtc.o
                0x0000000008003d68                MX_RTC_Init
 .text.HAL_RTC_MspInit
                0x0000000008003e0c       0x78 ./Application/Core/rtc.o
                0x0000000008003e0c                HAL_RTC_MspInit
 .text.LL_PWR_ClearFlag_C1STOP_C1STB
                0x0000000008003e84       0x18 ./Application/Core/stm32_lpm_if.o
 .text.PWR_EnterOffMode
                0x0000000008003e9c        0xc ./Application/Core/stm32_lpm_if.o
                0x0000000008003e9c                PWR_EnterOffMode
 .text.PWR_ExitOffMode
                0x0000000008003ea8        0xc ./Application/Core/stm32_lpm_if.o
                0x0000000008003ea8                PWR_ExitOffMode
 .text.PWR_EnterStopMode
                0x0000000008003eb4       0x16 ./Application/Core/stm32_lpm_if.o
                0x0000000008003eb4                PWR_EnterStopMode
 .text.PWR_ExitStopMode
                0x0000000008003eca       0x10 ./Application/Core/stm32_lpm_if.o
                0x0000000008003eca                PWR_ExitStopMode
 .text.PWR_EnterSleepMode
                0x0000000008003eda       0x14 ./Application/Core/stm32_lpm_if.o
                0x0000000008003eda                PWR_EnterSleepMode
 .text.PWR_ExitSleepMode
                0x0000000008003eee        0xc ./Application/Core/stm32_lpm_if.o
                0x0000000008003eee                PWR_ExitSleepMode
 .text.HAL_MspInit
                0x0000000008003efa        0xc ./Application/Core/stm32wlxx_hal_msp.o
                0x0000000008003efa                HAL_MspInit
 .text.NMI_Handler
                0x0000000008003f06        0xc ./Application/Core/stm32wlxx_it.o
                0x0000000008003f06                NMI_Handler
 .text.HardFault_Handler
                0x0000000008003f12        0x6 ./Application/Core/stm32wlxx_it.o
                0x0000000008003f12                HardFault_Handler
 .text.MemManage_Handler
                0x0000000008003f18        0x6 ./Application/Core/stm32wlxx_it.o
                0x0000000008003f18                MemManage_Handler
 .text.BusFault_Handler
                0x0000000008003f1e        0x6 ./Application/Core/stm32wlxx_it.o
                0x0000000008003f1e                BusFault_Handler
 .text.UsageFault_Handler
                0x0000000008003f24        0x6 ./Application/Core/stm32wlxx_it.o
                0x0000000008003f24                UsageFault_Handler
 .text.SVC_Handler
                0x0000000008003f2a        0xc ./Application/Core/stm32wlxx_it.o
                0x0000000008003f2a                SVC_Handler
 .text.DebugMon_Handler
                0x0000000008003f36        0xc ./Application/Core/stm32wlxx_it.o
                0x0000000008003f36                DebugMon_Handler
 .text.PendSV_Handler
                0x0000000008003f42        0xc ./Application/Core/stm32wlxx_it.o
                0x0000000008003f42                PendSV_Handler
 .text.SysTick_Handler
                0x0000000008003f4e        0xc ./Application/Core/stm32wlxx_it.o
                0x0000000008003f4e                SysTick_Handler
 *fill*         0x0000000008003f5a        0x2 
 .text.TAMP_STAMP_LSECSS_SSRU_IRQHandler
                0x0000000008003f5c       0x14 ./Application/Core/stm32wlxx_it.o
                0x0000000008003f5c                TAMP_STAMP_LSECSS_SSRU_IRQHandler
 .text.DMA1_Channel5_IRQHandler
                0x0000000008003f70       0x14 ./Application/Core/stm32wlxx_it.o
                0x0000000008003f70                DMA1_Channel5_IRQHandler
 .text.LPUART1_IRQHandler
                0x0000000008003f84       0x14 ./Application/Core/stm32wlxx_it.o
                0x0000000008003f84                LPUART1_IRQHandler
 .text.RTC_Alarm_IRQHandler
                0x0000000008003f98       0x14 ./Application/Core/stm32wlxx_it.o
                0x0000000008003f98                RTC_Alarm_IRQHandler
 .text.SUBGHZ_Radio_IRQHandler
                0x0000000008003fac       0x14 ./Application/Core/stm32wlxx_it.o
                0x0000000008003fac                SUBGHZ_Radio_IRQHandler
 .text.LL_APB3_GRP1_EnableClock
                0x0000000008003fc0       0x30 ./Application/Core/subghz.o
 .text.MX_SUBGHZ_Init
                0x0000000008003ff0       0x24 ./Application/Core/subghz.o
                0x0000000008003ff0                MX_SUBGHZ_Init
 .text.HAL_SUBGHZ_MspInit
                0x0000000008004014       0x26 ./Application/Core/subghz.o
                0x0000000008004014                HAL_SUBGHZ_MspInit
 .text.LL_RCC_SetClkAfterWakeFromStop
                0x000000000800403a       0x26 ./Application/Core/sys_app.o
 .text.LL_AHB2_GRP1_EnableClock
                0x0000000008004060       0x30 ./Application/Core/sys_app.o
 .text.LL_AHB2_GRP1_DisableClock
                0x0000000008004090       0x24 ./Application/Core/sys_app.o
 .text.SystemApp_Init
                0x00000000080040b4       0x44 ./Application/Core/sys_app.o
                0x00000000080040b4                SystemApp_Init
 .text.UTIL_SEQ_Idle
                0x00000000080040f8        0xc ./Application/Core/sys_app.o
                0x00000000080040f8                UTIL_SEQ_Idle
 .text.TimestampNow
                0x0000000008004104       0x40 ./Application/Core/sys_app.o
 .text.Gpio_PreInit
                0x0000000008004144       0x98 ./Application/Core/sys_app.o
 .text.UTIL_ADV_TRACE_PreSendHook
                0x00000000080041dc       0x10 ./Application/Core/sys_app.o
                0x00000000080041dc                UTIL_ADV_TRACE_PreSendHook
 .text.UTIL_ADV_TRACE_PostSendHook
                0x00000000080041ec       0x10 ./Application/Core/sys_app.o
                0x00000000080041ec                UTIL_ADV_TRACE_PostSendHook
 .text.tiny_snprintf_like
                0x00000000080041fc       0x2c ./Application/Core/sys_app.o
 .text.HAL_InitTick
                0x0000000008004228       0x14 ./Application/Core/sys_app.o
                0x0000000008004228                HAL_InitTick
 .text.HAL_GetTick
                0x000000000800423c        0xe ./Application/Core/sys_app.o
                0x000000000800423c                HAL_GetTick
 .text.HAL_Delay
                0x000000000800424a       0x18 ./Application/Core/sys_app.o
                0x000000000800424a                HAL_Delay
 *fill*         0x0000000008004262        0x2 
 .text._sbrk    0x0000000008004264       0x6c ./Application/Core/sysmem.o
                0x0000000008004264                _sbrk
 .text.LL_RTC_TIME_GetSubSecond
                0x00000000080042d0       0x16 ./Application/Core/timer_if.o
 *fill*         0x00000000080042e6        0x2 
 .text.TIMER_IF_Init
                0x00000000080042e8       0x64 ./Application/Core/timer_if.o
                0x00000000080042e8                TIMER_IF_Init
 .text.TIMER_IF_StartTimer
                0x000000000800434c       0x70 ./Application/Core/timer_if.o
                0x000000000800434c                TIMER_IF_StartTimer
 .text.TIMER_IF_StopTimer
                0x00000000080043bc       0x34 ./Application/Core/timer_if.o
                0x00000000080043bc                TIMER_IF_StopTimer
 .text.TIMER_IF_SetTimerContext
                0x00000000080043f0       0x1c ./Application/Core/timer_if.o
                0x00000000080043f0                TIMER_IF_SetTimerContext
 .text.TIMER_IF_GetTimerContext
                0x000000000800440c       0x14 ./Application/Core/timer_if.o
                0x000000000800440c                TIMER_IF_GetTimerContext
 .text.TIMER_IF_GetTimerElapsedTime
                0x0000000008004420       0x18 ./Application/Core/timer_if.o
                0x0000000008004420                TIMER_IF_GetTimerElapsedTime
 .text.TIMER_IF_GetTimerValue
                0x0000000008004438       0x20 ./Application/Core/timer_if.o
                0x0000000008004438                TIMER_IF_GetTimerValue
 .text.TIMER_IF_GetMinimumTimeout
                0x0000000008004458        0xe ./Application/Core/timer_if.o
                0x0000000008004458                TIMER_IF_GetMinimumTimeout
 .text.TIMER_IF_Convert_ms2Tick
                0x0000000008004466       0x32 ./Application/Core/timer_if.o
                0x0000000008004466                TIMER_IF_Convert_ms2Tick
 .text.TIMER_IF_Convert_Tick2ms
                0x0000000008004498       0x8a ./Application/Core/timer_if.o
                0x0000000008004498                TIMER_IF_Convert_Tick2ms
 .text.TIMER_IF_DelayMs
                0x0000000008004522       0x34 ./Application/Core/timer_if.o
                0x0000000008004522                TIMER_IF_DelayMs
 .text.HAL_RTC_AlarmAEventCallback
                0x0000000008004556       0x14 ./Application/Core/timer_if.o
                0x0000000008004556                HAL_RTC_AlarmAEventCallback
 .text.HAL_RTCEx_SSRUEventCallback
                0x000000000800456a       0x20 ./Application/Core/timer_if.o
                0x000000000800456a                HAL_RTCEx_SSRUEventCallback
 .text.TIMER_IF_GetTime
                0x000000000800458a       0x8a ./Application/Core/timer_if.o
                0x000000000800458a                TIMER_IF_GetTime
 .text.TIMER_IF_BkUp_Write_Seconds
                0x0000000008004614       0x20 ./Application/Core/timer_if.o
                0x0000000008004614                TIMER_IF_BkUp_Write_Seconds
 .text.TIMER_IF_BkUp_Write_SubSeconds
                0x0000000008004634       0x20 ./Application/Core/timer_if.o
                0x0000000008004634                TIMER_IF_BkUp_Write_SubSeconds
 .text.TIMER_IF_BkUp_Read_Seconds
                0x0000000008004654       0x18 ./Application/Core/timer_if.o
                0x0000000008004654                TIMER_IF_BkUp_Read_Seconds
 .text.TIMER_IF_BkUp_Read_SubSeconds
                0x000000000800466c       0x18 ./Application/Core/timer_if.o
                0x000000000800466c                TIMER_IF_BkUp_Read_SubSeconds
 .text.TIMER_IF_BkUp_Write_MSBticks
                0x0000000008004684       0x20 ./Application/Core/timer_if.o
 .text.TIMER_IF_BkUp_Read_MSBticks
                0x00000000080046a4       0x20 ./Application/Core/timer_if.o
 .text.GetTimerTicks
                0x00000000080046c4       0x18 ./Application/Core/timer_if.o
 .text.LL_AHB2_GRP1_EnableClock
                0x00000000080046dc       0x30 ./Application/Core/usart.o
 .text.LL_APB2_GRP1_EnableClock
                0x000000000800470c       0x30 ./Application/Core/usart.o
 .text.LL_APB2_GRP1_DisableClock
                0x000000000800473c       0x24 ./Application/Core/usart.o
 .text.MX_USART1_UART_Init
                0x0000000008004760       0x98 ./Application/Core/usart.o
                0x0000000008004760                MX_USART1_UART_Init
 .text.HAL_UART_MspInit
                0x00000000080047f8       0xf8 ./Application/Core/usart.o
                0x00000000080047f8                HAL_UART_MspInit
 .text.HAL_UART_MspDeInit
                0x00000000080048f0       0x44 ./Application/Core/usart.o
                0x00000000080048f0                HAL_UART_MspDeInit
 .text.LL_APB1_GRP2_ForceReset
                0x0000000008004934       0x22 ./Application/Core/usart_if.o
 .text.LL_APB1_GRP2_ReleaseReset
                0x0000000008004956       0x24 ./Application/Core/usart_if.o
 *fill*         0x000000000800497a        0x2 
 .text.LL_EXTI_EnableIT_0_31
                0x000000000800497c       0x28 ./Application/Core/usart_if.o
 .text.vcom_Init
                0x00000000080049a4       0x2c ./Application/Core/usart_if.o
                0x00000000080049a4                vcom_Init
 .text.vcom_DeInit
                0x00000000080049d0       0x28 ./Application/Core/usart_if.o
                0x00000000080049d0                vcom_DeInit
 .text.vcom_Trace_DMA
                0x00000000080049f8       0x28 ./Application/Core/usart_if.o
                0x00000000080049f8                vcom_Trace_DMA
 .text.vcom_ReceiveInit
                0x0000000008004a20       0x7c ./Application/Core/usart_if.o
                0x0000000008004a20                vcom_ReceiveInit
 .text.vcom_Resume
                0x0000000008004a9c       0x1c ./Application/Core/usart_if.o
                0x0000000008004a9c                vcom_Resume
 .text.HAL_UART_TxCpltCallback
                0x0000000008004ab8       0x1c ./Application/Core/usart_if.o
                0x0000000008004ab8                HAL_UART_TxCpltCallback
 .text.HAL_UART_RxCpltCallback
                0x0000000008004ad4       0x40 ./Application/Core/usart_if.o
                0x0000000008004ad4                HAL_UART_RxCpltCallback
 .text.Reset_Handler
                0x0000000008004b14       0x50 ./Application/Startup/startup_stm32wl55xx_cm4.o
                0x0000000008004b14                Reset_Handler
 .text.Default_Handler
                0x0000000008004b64        0x2 ./Application/Startup/startup_stm32wl55xx_cm4.o
                0x0000000008004b64                EXTI2_IRQHandler
                0x0000000008004b64                TIM1_CC_IRQHandler
                0x0000000008004b64                EXTI3_IRQHandler
                0x0000000008004b64                LPTIM2_IRQHandler
                0x0000000008004b64                I2C3_ER_IRQHandler
                0x0000000008004b64                LPTIM3_IRQHandler
                0x0000000008004b64                EXTI0_IRQHandler
                0x0000000008004b64                I2C2_EV_IRQHandler
                0x0000000008004b64                SPI1_IRQHandler
                0x0000000008004b64                DMA2_Channel2_IRQHandler
                0x0000000008004b64                DMA1_Channel4_IRQHandler
                0x0000000008004b64                PKA_IRQHandler
                0x0000000008004b64                TIM17_IRQHandler
                0x0000000008004b64                DMA1_Channel7_IRQHandler
                0x0000000008004b64                SUBGHZSPI_IRQHandler
                0x0000000008004b64                IPCC_C1_TX_IRQHandler
                0x0000000008004b64                DMA2_Channel1_IRQHandler
                0x0000000008004b64                I2C1_EV_IRQHandler
                0x0000000008004b64                DMAMUX1_OVR_IRQHandler
                0x0000000008004b64                DMA1_Channel6_IRQHandler
                0x0000000008004b64                TIM16_IRQHandler
                0x0000000008004b64                DMA2_Channel4_IRQHandler
                0x0000000008004b64                RCC_IRQHandler
                0x0000000008004b64                TIM1_TRG_COM_IRQHandler
                0x0000000008004b64                DMA1_Channel1_IRQHandler
                0x0000000008004b64                Default_Handler
                0x0000000008004b64                DMA2_Channel7_IRQHandler
                0x0000000008004b64                EXTI15_10_IRQHandler
                0x0000000008004b64                IPCC_C1_RX_IRQHandler
                0x0000000008004b64                ADC_IRQHandler
                0x0000000008004b64                C2SEV_PWR_C2H_IRQHandler
                0x0000000008004b64                I2C3_EV_IRQHandler
                0x0000000008004b64                EXTI9_5_IRQHandler
                0x0000000008004b64                RTC_WKUP_IRQHandler
                0x0000000008004b64                PVD_PVM_IRQHandler
                0x0000000008004b64                SPI2_IRQHandler
                0x0000000008004b64                DMA2_Channel5_IRQHandler
                0x0000000008004b64                EXTI4_IRQHandler
                0x0000000008004b64                RNG_IRQHandler
                0x0000000008004b64                DMA1_Channel3_IRQHandler
                0x0000000008004b64                COMP_IRQHandler
                0x0000000008004b64                HSEM_IRQHandler
                0x0000000008004b64                TIM1_UP_IRQHandler
                0x0000000008004b64                WWDG_IRQHandler
                0x0000000008004b64                DMA2_Channel6_IRQHandler
                0x0000000008004b64                TIM2_IRQHandler
                0x0000000008004b64                TIM1_BRK_IRQHandler
                0x0000000008004b64                DAC_IRQHandler
                0x0000000008004b64                EXTI1_IRQHandler
                0x0000000008004b64                AES_IRQHandler
                0x0000000008004b64                USART2_IRQHandler
                0x0000000008004b64                I2C2_ER_IRQHandler
                0x0000000008004b64                DMA1_Channel2_IRQHandler
                0x0000000008004b64                FLASH_IRQHandler
                0x0000000008004b64                USART1_IRQHandler
                0x0000000008004b64                I2C1_ER_IRQHandler
                0x0000000008004b64                DMA2_Channel3_IRQHandler
 .text.RBI_Init
                0x0000000008004b66        0xe ./Application/Target/radio_board_if.o
                0x0000000008004b66                RBI_Init
 .text.RBI_ConfigRFSwitch
                0x0000000008004b74       0x1c ./Application/Target/radio_board_if.o
                0x0000000008004b74                RBI_ConfigRFSwitch
 .text.RBI_GetTxConfig
                0x0000000008004b90        0xe ./Application/Target/radio_board_if.o
                0x0000000008004b90                RBI_GetTxConfig
 .text.RBI_GetWakeUpTime
                0x0000000008004b9e        0xe ./Application/Target/radio_board_if.o
                0x0000000008004b9e                RBI_GetWakeUpTime
 .text.RBI_IsTCXO
                0x0000000008004bac        0xe ./Application/Target/radio_board_if.o
                0x0000000008004bac                RBI_IsTCXO
 .text.RBI_IsDCDC
                0x0000000008004bba        0xe ./Application/Target/radio_board_if.o
                0x0000000008004bba                RBI_IsDCDC
 .text.SystemInit
                0x0000000008004bc8        0xc ./Drivers/CMSIS/system_stm32wlxx.o
                0x0000000008004bc8                SystemInit
 .text.SystemCoreClockUpdate
                0x0000000008004bd4      0x168 ./Drivers/CMSIS/system_stm32wlxx.o
                0x0000000008004bd4                SystemCoreClockUpdate
 .text.HAL_Init
                0x0000000008004d3c       0x40 ./Drivers/STM32WLxx_HAL_Driver/stm32wlxx_hal.o
                0x0000000008004d3c                HAL_Init
 .text.HAL_IncTick
                0x0000000008004d7c       0x24 ./Drivers/STM32WLxx_HAL_Driver/stm32wlxx_hal.o
                0x0000000008004d7c                HAL_IncTick
 .text.HAL_SuspendTick
                0x0000000008004da0       0x1c ./Drivers/STM32WLxx_HAL_Driver/stm32wlxx_hal.o
                0x0000000008004da0                HAL_SuspendTick
 .text.HAL_ResumeTick
                0x0000000008004dbc       0x1c ./Drivers/STM32WLxx_HAL_Driver/stm32wlxx_hal.o
                0x0000000008004dbc                HAL_ResumeTick
 .text.__NVIC_SetPriorityGrouping
                0x0000000008004dd8       0x48 ./Drivers/STM32WLxx_HAL_Driver/stm32wlxx_hal_cortex.o
 .text.__NVIC_GetPriorityGrouping
                0x0000000008004e20       0x1c ./Drivers/STM32WLxx_HAL_Driver/stm32wlxx_hal_cortex.o
 .text.__NVIC_EnableIRQ
                0x0000000008004e3c       0x38 ./Drivers/STM32WLxx_HAL_Driver/stm32wlxx_hal_cortex.o
 .text.__NVIC_DisableIRQ
                0x0000000008004e74       0x48 ./Drivers/STM32WLxx_HAL_Driver/stm32wlxx_hal_cortex.o
 .text.__NVIC_SetPriority
                0x0000000008004ebc       0x54 ./Drivers/STM32WLxx_HAL_Driver/stm32wlxx_hal_cortex.o
 .text.NVIC_EncodePriority
                0x0000000008004f10       0x64 ./Drivers/STM32WLxx_HAL_Driver/stm32wlxx_hal_cortex.o
 .text.HAL_NVIC_SetPriorityGrouping
                0x0000000008004f74       0x16 ./Drivers/STM32WLxx_HAL_Driver/stm32wlxx_hal_cortex.o
                0x0000000008004f74                HAL_NVIC_SetPriorityGrouping
 .text.HAL_NVIC_SetPriority
                0x0000000008004f8a       0x34 ./Drivers/STM32WLxx_HAL_Driver/stm32wlxx_hal_cortex.o
                0x0000000008004f8a                HAL_NVIC_SetPriority
 .text.HAL_NVIC_EnableIRQ
                0x0000000008004fbe       0x1c ./Drivers/STM32WLxx_HAL_Driver/stm32wlxx_hal_cortex.o
                0x0000000008004fbe                HAL_NVIC_EnableIRQ
 .text.HAL_NVIC_DisableIRQ
                0x0000000008004fda       0x1c ./Drivers/STM32WLxx_HAL_Driver/stm32wlxx_hal_cortex.o
                0x0000000008004fda                HAL_NVIC_DisableIRQ
 *fill*         0x0000000008004ff6        0x2 
 .text.HAL_DMA_Init
                0x0000000008004ff8      0x150 ./Drivers/STM32WLxx_HAL_Driver/stm32wlxx_hal_dma.o
                0x0000000008004ff8                HAL_DMA_Init
 .text.HAL_DMA_DeInit
                0x0000000008005148      0x12c ./Drivers/STM32WLxx_HAL_Driver/stm32wlxx_hal_dma.o
                0x0000000008005148                HAL_DMA_DeInit
 .text.HAL_DMA_Start_IT
                0x0000000008005274       0xfc ./Drivers/STM32WLxx_HAL_Driver/stm32wlxx_hal_dma.o
                0x0000000008005274                HAL_DMA_Start_IT
 .text.HAL_DMA_Abort
                0x0000000008005370       0xbc ./Drivers/STM32WLxx_HAL_Driver/stm32wlxx_hal_dma.o
                0x0000000008005370                HAL_DMA_Abort
 .text.HAL_DMA_Abort_IT
                0x000000000800542c       0xbe ./Drivers/STM32WLxx_HAL_Driver/stm32wlxx_hal_dma.o
                0x000000000800542c                HAL_DMA_Abort_IT
 *fill*         0x00000000080054ea        0x2 
 .text.HAL_DMA_IRQHandler
                0x00000000080054ec      0x18c ./Drivers/STM32WLxx_HAL_Driver/stm32wlxx_hal_dma.o
                0x00000000080054ec                HAL_DMA_IRQHandler
 .text.DMA_SetConfig
                0x0000000008005678       0x7a ./Drivers/STM32WLxx_HAL_Driver/stm32wlxx_hal_dma.o
 *fill*         0x00000000080056f2        0x2 
 .text.DMA_CalcDMAMUXChannelBaseAndMask
                0x00000000080056f4       0x90 ./Drivers/STM32WLxx_HAL_Driver/stm32wlxx_hal_dma.o
 .text.DMA_CalcDMAMUXRequestGenBaseAndMask
                0x0000000008005784       0x48 ./Drivers/STM32WLxx_HAL_Driver/stm32wlxx_hal_dma.o
 .text.HAL_GPIO_Init
                0x00000000080057cc      0x2c0 ./Drivers/STM32WLxx_HAL_Driver/stm32wlxx_hal_gpio.o
                0x00000000080057cc                HAL_GPIO_Init
 .text.HAL_GPIO_DeInit
                0x0000000008005a8c      0x19c ./Drivers/STM32WLxx_HAL_Driver/stm32wlxx_hal_gpio.o
                0x0000000008005a8c                HAL_GPIO_DeInit
 .text.HAL_GPIO_ReadPin
                0x0000000008005c28       0x2e ./Drivers/STM32WLxx_HAL_Driver/stm32wlxx_hal_gpio.o
                0x0000000008005c28                HAL_GPIO_ReadPin
 .text.HAL_GPIO_WritePin
                0x0000000008005c56       0x2e ./Drivers/STM32WLxx_HAL_Driver/stm32wlxx_hal_gpio.o
                0x0000000008005c56                HAL_GPIO_WritePin
 .text.HAL_PWR_EnableBkUpAccess
                0x0000000008005c84       0x1c ./Drivers/STM32WLxx_HAL_Driver/stm32wlxx_hal_pwr.o
                0x0000000008005c84                HAL_PWR_EnableBkUpAccess
 .text.HAL_PWR_EnterSLEEPMode
                0x0000000008005ca0       0x68 ./Drivers/STM32WLxx_HAL_Driver/stm32wlxx_hal_pwr.o
                0x0000000008005ca0                HAL_PWR_EnterSLEEPMode
 .text.HAL_PWREx_GetVoltageRange
                0x0000000008005d08       0x18 ./Drivers/STM32WLxx_HAL_Driver/stm32wlxx_hal_pwr_ex.o
                0x0000000008005d08                HAL_PWREx_GetVoltageRange
 .text.HAL_PWREx_EnableLowPowerRunMode
                0x0000000008005d20       0x1c ./Drivers/STM32WLxx_HAL_Driver/stm32wlxx_hal_pwr_ex.o
                0x0000000008005d20                HAL_PWREx_EnableLowPowerRunMode
 .text.HAL_PWREx_DisableLowPowerRunMode
                0x0000000008005d3c       0x6c ./Drivers/STM32WLxx_HAL_Driver/stm32wlxx_hal_pwr_ex.o
                0x0000000008005d3c                HAL_PWREx_DisableLowPowerRunMode
 .text.HAL_PWREx_EnterSTOP2Mode
                0x0000000008005da8       0x54 ./Drivers/STM32WLxx_HAL_Driver/stm32wlxx_hal_pwr_ex.o
                0x0000000008005da8                HAL_PWREx_EnterSTOP2Mode
 .text.LL_PWR_IsEnabledBkUpAccess
                0x0000000008005dfc       0x24 ./Drivers/STM32WLxx_HAL_Driver/stm32wlxx_hal_rcc.o
 .text.LL_RCC_HSE_EnableTcxo
                0x0000000008005e20       0x1c ./Drivers/STM32WLxx_HAL_Driver/stm32wlxx_hal_rcc.o
 .text.LL_RCC_HSE_DisableTcxo
                0x0000000008005e3c       0x1c ./Drivers/STM32WLxx_HAL_Driver/stm32wlxx_hal_rcc.o
 .text.LL_RCC_HSE_IsEnabledDiv2
                0x0000000008005e58       0x22 ./Drivers/STM32WLxx_HAL_Driver/stm32wlxx_hal_rcc.o
 .text.LL_RCC_HSE_Enable
                0x0000000008005e7a       0x1c ./Drivers/STM32WLxx_HAL_Driver/stm32wlxx_hal_rcc.o
 .text.LL_RCC_HSE_Disable
                0x0000000008005e96       0x1c ./Drivers/STM32WLxx_HAL_Driver/stm32wlxx_hal_rcc.o
 .text.LL_RCC_HSE_IsReady
                0x0000000008005eb2       0x22 ./Drivers/STM32WLxx_HAL_Driver/stm32wlxx_hal_rcc.o
 .text.LL_RCC_HSI_Enable
                0x0000000008005ed4       0x1c ./Drivers/STM32WLxx_HAL_Driver/stm32wlxx_hal_rcc.o
 .text.LL_RCC_HSI_Disable
                0x0000000008005ef0       0x1c ./Drivers/STM32WLxx_HAL_Driver/stm32wlxx_hal_rcc.o
 .text.LL_RCC_HSI_IsReady
                0x0000000008005f0c       0x22 ./Drivers/STM32WLxx_HAL_Driver/stm32wlxx_hal_rcc.o
 .text.LL_RCC_HSI_SetCalibTrimming
                0x0000000008005f2e       0x28 ./Drivers/STM32WLxx_HAL_Driver/stm32wlxx_hal_rcc.o
 .text.LL_RCC_LSE_IsReady
                0x0000000008005f56       0x22 ./Drivers/STM32WLxx_HAL_Driver/stm32wlxx_hal_rcc.o
 .text.LL_RCC_LSI_Enable
                0x0000000008005f78       0x20 ./Drivers/STM32WLxx_HAL_Driver/stm32wlxx_hal_rcc.o
 .text.LL_RCC_LSI_Disable
                0x0000000008005f98       0x20 ./Drivers/STM32WLxx_HAL_Driver/stm32wlxx_hal_rcc.o
 .text.LL_RCC_LSI_IsReady
                0x0000000008005fb8       0x22 ./Drivers/STM32WLxx_HAL_Driver/stm32wlxx_hal_rcc.o
 .text.LL_RCC_MSI_Enable
                0x0000000008005fda       0x1c ./Drivers/STM32WLxx_HAL_Driver/stm32wlxx_hal_rcc.o
 .text.LL_RCC_MSI_Disable
                0x0000000008005ff6       0x1c ./Drivers/STM32WLxx_HAL_Driver/stm32wlxx_hal_rcc.o
 .text.LL_RCC_MSI_IsReady
                0x0000000008006012       0x20 ./Drivers/STM32WLxx_HAL_Driver/stm32wlxx_hal_rcc.o
 .text.LL_RCC_MSI_IsEnabledRangeSelect
                0x0000000008006032       0x20 ./Drivers/STM32WLxx_HAL_Driver/stm32wlxx_hal_rcc.o
 .text.LL_RCC_MSI_GetRange
                0x0000000008006052       0x16 ./Drivers/STM32WLxx_HAL_Driver/stm32wlxx_hal_rcc.o
 .text.LL_RCC_MSI_GetRangeAfterStandby
                0x0000000008006068       0x18 ./Drivers/STM32WLxx_HAL_Driver/stm32wlxx_hal_rcc.o
 .text.LL_RCC_MSI_SetCalibTrimming
                0x0000000008006080       0x28 ./Drivers/STM32WLxx_HAL_Driver/stm32wlxx_hal_rcc.o
 .text.LL_RCC_SetSysClkSource
                0x00000000080060a8       0x26 ./Drivers/STM32WLxx_HAL_Driver/stm32wlxx_hal_rcc.o
 .text.LL_RCC_GetSysClkSource
                0x00000000080060ce       0x16 ./Drivers/STM32WLxx_HAL_Driver/stm32wlxx_hal_rcc.o
 .text.LL_RCC_SetAHBPrescaler
                0x00000000080060e4       0x26 ./Drivers/STM32WLxx_HAL_Driver/stm32wlxx_hal_rcc.o
 .text.LL_C2_RCC_SetAHBPrescaler
                0x000000000800610a       0x2a ./Drivers/STM32WLxx_HAL_Driver/stm32wlxx_hal_rcc.o
 .text.LL_RCC_SetAHB3Prescaler
                0x0000000008006134       0x2c ./Drivers/STM32WLxx_HAL_Driver/stm32wlxx_hal_rcc.o
 .text.LL_RCC_SetAPB1Prescaler
                0x0000000008006160       0x26 ./Drivers/STM32WLxx_HAL_Driver/stm32wlxx_hal_rcc.o
 .text.LL_RCC_SetAPB2Prescaler
                0x0000000008006186       0x26 ./Drivers/STM32WLxx_HAL_Driver/stm32wlxx_hal_rcc.o
 .text.LL_RCC_GetAHBPrescaler
                0x00000000080061ac       0x16 ./Drivers/STM32WLxx_HAL_Driver/stm32wlxx_hal_rcc.o
 .text.LL_RCC_GetAHB3Prescaler
                0x00000000080061c2       0x1a ./Drivers/STM32WLxx_HAL_Driver/stm32wlxx_hal_rcc.o
 .text.LL_RCC_GetAPB1Prescaler
                0x00000000080061dc       0x16 ./Drivers/STM32WLxx_HAL_Driver/stm32wlxx_hal_rcc.o
 .text.LL_RCC_GetAPB2Prescaler
                0x00000000080061f2       0x16 ./Drivers/STM32WLxx_HAL_Driver/stm32wlxx_hal_rcc.o
 .text.LL_RCC_PLL_Enable
                0x0000000008006208       0x1c ./Drivers/STM32WLxx_HAL_Driver/stm32wlxx_hal_rcc.o
 .text.LL_RCC_PLL_Disable
                0x0000000008006224       0x1c ./Drivers/STM32WLxx_HAL_Driver/stm32wlxx_hal_rcc.o
 .text.LL_RCC_PLL_IsReady
                0x0000000008006240       0x22 ./Drivers/STM32WLxx_HAL_Driver/stm32wlxx_hal_rcc.o
 .text.LL_RCC_PLL_GetN
                0x0000000008006262       0x18 ./Drivers/STM32WLxx_HAL_Driver/stm32wlxx_hal_rcc.o
 .text.LL_RCC_PLL_GetR
                0x000000000800627a       0x16 ./Drivers/STM32WLxx_HAL_Driver/stm32wlxx_hal_rcc.o
 .text.LL_RCC_PLL_GetDivider
                0x0000000008006290       0x16 ./Drivers/STM32WLxx_HAL_Driver/stm32wlxx_hal_rcc.o
 .text.LL_RCC_PLL_GetMainSource
                0x00000000080062a6       0x16 ./Drivers/STM32WLxx_HAL_Driver/stm32wlxx_hal_rcc.o
 .text.LL_RCC_IsActiveFlag_HPRE
                0x00000000080062bc       0x22 ./Drivers/STM32WLxx_HAL_Driver/stm32wlxx_hal_rcc.o
 .text.LL_RCC_IsActiveFlag_C2HPRE
                0x00000000080062de       0x24 ./Drivers/STM32WLxx_HAL_Driver/stm32wlxx_hal_rcc.o
 .text.LL_RCC_IsActiveFlag_SHDHPRE
                0x0000000008006302       0x24 ./Drivers/STM32WLxx_HAL_Driver/stm32wlxx_hal_rcc.o
 .text.LL_RCC_IsActiveFlag_PPRE1
                0x0000000008006326       0x22 ./Drivers/STM32WLxx_HAL_Driver/stm32wlxx_hal_rcc.o
 .text.LL_RCC_IsActiveFlag_PPRE2
                0x0000000008006348       0x22 ./Drivers/STM32WLxx_HAL_Driver/stm32wlxx_hal_rcc.o
 *fill*         0x000000000800636a        0x2 
 .text.HAL_RCC_OscConfig
                0x000000000800636c      0x738 ./Drivers/STM32WLxx_HAL_Driver/stm32wlxx_hal_rcc.o
                0x000000000800636c                HAL_RCC_OscConfig
 .text.HAL_RCC_ClockConfig
                0x0000000008006aa4      0x284 ./Drivers/STM32WLxx_HAL_Driver/stm32wlxx_hal_rcc.o
                0x0000000008006aa4                HAL_RCC_ClockConfig
 .text.HAL_RCC_GetSysClockFreq
                0x0000000008006d28      0x140 ./Drivers/STM32WLxx_HAL_Driver/stm32wlxx_hal_rcc.o
                0x0000000008006d28                HAL_RCC_GetSysClockFreq
 .text.HAL_RCC_GetHCLKFreq
                0x0000000008006e68       0x28 ./Drivers/STM32WLxx_HAL_Driver/stm32wlxx_hal_rcc.o
                0x0000000008006e68                HAL_RCC_GetHCLKFreq
 .text.HAL_RCC_GetPCLK1Freq
                0x0000000008006e90       0x24 ./Drivers/STM32WLxx_HAL_Driver/stm32wlxx_hal_rcc.o
                0x0000000008006e90                HAL_RCC_GetPCLK1Freq
 .text.HAL_RCC_GetPCLK2Freq
                0x0000000008006eb4       0x24 ./Drivers/STM32WLxx_HAL_Driver/stm32wlxx_hal_rcc.o
                0x0000000008006eb4                HAL_RCC_GetPCLK2Freq
 .text.RCC_SetFlashLatencyFromMSIRange
                0x0000000008006ed8       0x60 ./Drivers/STM32WLxx_HAL_Driver/stm32wlxx_hal_rcc.o
 .text.RCC_SetFlashLatency
                0x0000000008006f38      0x104 ./Drivers/STM32WLxx_HAL_Driver/stm32wlxx_hal_rcc.o
 .text.LL_RCC_LSE_IsReady
                0x000000000800703c       0x22 ./Drivers/STM32WLxx_HAL_Driver/stm32wlxx_hal_rcc_ex.o
 .text.LL_RCC_SetUSARTClockSource
                0x000000000800705e       0x30 ./Drivers/STM32WLxx_HAL_Driver/stm32wlxx_hal_rcc_ex.o
 .text.LL_RCC_SetI2SClockSource
                0x000000000800708e       0x2a ./Drivers/STM32WLxx_HAL_Driver/stm32wlxx_hal_rcc_ex.o
 .text.LL_RCC_SetLPUARTClockSource
                0x00000000080070b8       0x2a ./Drivers/STM32WLxx_HAL_Driver/stm32wlxx_hal_rcc_ex.o
 .text.LL_RCC_SetI2CClockSource
                0x00000000080070e2       0x38 ./Drivers/STM32WLxx_HAL_Driver/stm32wlxx_hal_rcc_ex.o
 .text.LL_RCC_SetLPTIMClockSource
                0x000000000800711a       0x32 ./Drivers/STM32WLxx_HAL_Driver/stm32wlxx_hal_rcc_ex.o
 .text.LL_RCC_SetRNGClockSource
                0x000000000800714c       0x2a ./Drivers/STM32WLxx_HAL_Driver/stm32wlxx_hal_rcc_ex.o
 .text.LL_RCC_SetADCClockSource
                0x0000000008007176       0x2a ./Drivers/STM32WLxx_HAL_Driver/stm32wlxx_hal_rcc_ex.o
 .text.LL_RCC_SetRTCClockSource
                0x00000000080071a0       0x2a ./Drivers/STM32WLxx_HAL_Driver/stm32wlxx_hal_rcc_ex.o
 .text.LL_RCC_GetRTCClockSource
                0x00000000080071ca       0x18 ./Drivers/STM32WLxx_HAL_Driver/stm32wlxx_hal_rcc_ex.o
 .text.LL_RCC_ForceBackupDomainReset
                0x00000000080071e2       0x20 ./Drivers/STM32WLxx_HAL_Driver/stm32wlxx_hal_rcc_ex.o
 .text.LL_RCC_ReleaseBackupDomainReset
                0x0000000008007202       0x20 ./Drivers/STM32WLxx_HAL_Driver/stm32wlxx_hal_rcc_ex.o
 *fill*         0x0000000008007222        0x2 
 .text.HAL_RCCEx_PeriphCLKConfig
                0x0000000008007224      0x234 ./Drivers/STM32WLxx_HAL_Driver/stm32wlxx_hal_rcc_ex.o
                0x0000000008007224                HAL_RCCEx_PeriphCLKConfig
 .text.HAL_RTC_Init
                0x0000000008007458       0xf4 ./Drivers/STM32WLxx_HAL_Driver/stm32wlxx_hal_rtc.o
                0x0000000008007458                HAL_RTC_Init
 .text.HAL_RTC_SetAlarm_IT
                0x000000000800754c      0x1fc ./Drivers/STM32WLxx_HAL_Driver/stm32wlxx_hal_rtc.o
                0x000000000800754c                HAL_RTC_SetAlarm_IT
 .text.HAL_RTC_DeactivateAlarm
                0x0000000008007748       0xac ./Drivers/STM32WLxx_HAL_Driver/stm32wlxx_hal_rtc.o
                0x0000000008007748                HAL_RTC_DeactivateAlarm
 .text.HAL_RTC_AlarmIRQHandler
                0x00000000080077f4       0x54 ./Drivers/STM32WLxx_HAL_Driver/stm32wlxx_hal_rtc.o
                0x00000000080077f4                HAL_RTC_AlarmIRQHandler
 .text.HAL_RTC_WaitForSynchro
                0x0000000008007848       0x4c ./Drivers/STM32WLxx_HAL_Driver/stm32wlxx_hal_rtc.o
                0x0000000008007848                HAL_RTC_WaitForSynchro
 .text.RTC_EnterInitMode
                0x0000000008007894       0x68 ./Drivers/STM32WLxx_HAL_Driver/stm32wlxx_hal_rtc.o
                0x0000000008007894                RTC_EnterInitMode
 .text.RTC_ExitInitMode
                0x00000000080078fc       0x7c ./Drivers/STM32WLxx_HAL_Driver/stm32wlxx_hal_rtc.o
                0x00000000080078fc                RTC_ExitInitMode
 .text.RTC_ByteToBcd2
                0x0000000008007978       0x3e ./Drivers/STM32WLxx_HAL_Driver/stm32wlxx_hal_rtc.o
                0x0000000008007978                RTC_ByteToBcd2
 *fill*         0x00000000080079b6        0x2 
 .text.HAL_RTCEx_EnableBypassShadow
                0x00000000080079b8       0x64 ./Drivers/STM32WLxx_HAL_Driver/stm32wlxx_hal_rtc_ex.o
                0x00000000080079b8                HAL_RTCEx_EnableBypassShadow
 .text.HAL_RTCEx_SetSSRU_IT
                0x0000000008007a1c       0x78 ./Drivers/STM32WLxx_HAL_Driver/stm32wlxx_hal_rtc_ex.o
                0x0000000008007a1c                HAL_RTCEx_SetSSRU_IT
 .text.HAL_RTCEx_SSRUIRQHandler
                0x0000000008007a94       0x34 ./Drivers/STM32WLxx_HAL_Driver/stm32wlxx_hal_rtc_ex.o
                0x0000000008007a94                HAL_RTCEx_SSRUIRQHandler
 .text.HAL_RTCEx_AlarmBEventCallback
                0x0000000008007ac8       0x12 ./Drivers/STM32WLxx_HAL_Driver/stm32wlxx_hal_rtc_ex.o
                0x0000000008007ac8                HAL_RTCEx_AlarmBEventCallback
 *fill*         0x0000000008007ada        0x2 
 .text.HAL_RTCEx_BKUPWrite
                0x0000000008007adc       0x30 ./Drivers/STM32WLxx_HAL_Driver/stm32wlxx_hal_rtc_ex.o
                0x0000000008007adc                HAL_RTCEx_BKUPWrite
 .text.HAL_RTCEx_BKUPRead
                0x0000000008007b0c       0x2c ./Drivers/STM32WLxx_HAL_Driver/stm32wlxx_hal_rtc_ex.o
                0x0000000008007b0c                HAL_RTCEx_BKUPRead
 .text.LL_PWR_SetRadioBusyTrigger
                0x0000000008007b38       0x28 ./Drivers/STM32WLxx_HAL_Driver/stm32wlxx_hal_subghz.o
 .text.LL_PWR_UnselectSUBGHZSPI_NSS
                0x0000000008007b60       0x20 ./Drivers/STM32WLxx_HAL_Driver/stm32wlxx_hal_subghz.o
 .text.LL_PWR_SelectSUBGHZSPI_NSS
                0x0000000008007b80       0x20 ./Drivers/STM32WLxx_HAL_Driver/stm32wlxx_hal_subghz.o
 .text.LL_PWR_ClearFlag_RFBUSY
                0x0000000008007ba0       0x18 ./Drivers/STM32WLxx_HAL_Driver/stm32wlxx_hal_subghz.o
 .text.LL_PWR_IsActiveFlag_RFBUSYS
                0x0000000008007bb8       0x24 ./Drivers/STM32WLxx_HAL_Driver/stm32wlxx_hal_subghz.o
 .text.LL_PWR_IsActiveFlag_RFBUSYMS
                0x0000000008007bdc       0x24 ./Drivers/STM32WLxx_HAL_Driver/stm32wlxx_hal_subghz.o
 .text.LL_RCC_RF_DisableReset
                0x0000000008007c00       0x20 ./Drivers/STM32WLxx_HAL_Driver/stm32wlxx_hal_subghz.o
 .text.LL_RCC_IsRFUnderReset
                0x0000000008007c20       0x24 ./Drivers/STM32WLxx_HAL_Driver/stm32wlxx_hal_subghz.o
 .text.LL_EXTI_EnableIT_32_63
                0x0000000008007c44       0x28 ./Drivers/STM32WLxx_HAL_Driver/stm32wlxx_hal_subghz.o
 .text.HAL_SUBGHZ_Init
                0x0000000008007c6c       0xbc ./Drivers/STM32WLxx_HAL_Driver/stm32wlxx_hal_subghz.o
                0x0000000008007c6c                HAL_SUBGHZ_Init
 .text.HAL_SUBGHZ_WriteRegisters
                0x0000000008007d28       0xbe ./Drivers/STM32WLxx_HAL_Driver/stm32wlxx_hal_subghz.o
                0x0000000008007d28                HAL_SUBGHZ_WriteRegisters
 .text.HAL_SUBGHZ_ReadRegisters
                0x0000000008007de6       0xc2 ./Drivers/STM32WLxx_HAL_Driver/stm32wlxx_hal_subghz.o
                0x0000000008007de6                HAL_SUBGHZ_ReadRegisters
 .text.HAL_SUBGHZ_ExecSetCmd
                0x0000000008007ea8       0xbe ./Drivers/STM32WLxx_HAL_Driver/stm32wlxx_hal_subghz.o
                0x0000000008007ea8                HAL_SUBGHZ_ExecSetCmd
 .text.HAL_SUBGHZ_ExecGetCmd
                0x0000000008007f66       0xa8 ./Drivers/STM32WLxx_HAL_Driver/stm32wlxx_hal_subghz.o
                0x0000000008007f66                HAL_SUBGHZ_ExecGetCmd
 .text.HAL_SUBGHZ_WriteBuffer
                0x000000000800800e       0xa6 ./Drivers/STM32WLxx_HAL_Driver/stm32wlxx_hal_subghz.o
                0x000000000800800e                HAL_SUBGHZ_WriteBuffer
 .text.HAL_SUBGHZ_ReadBuffer
                0x00000000080080b4       0xb0 ./Drivers/STM32WLxx_HAL_Driver/stm32wlxx_hal_subghz.o
                0x00000000080080b4                HAL_SUBGHZ_ReadBuffer
 .text.HAL_SUBGHZ_IRQHandler
                0x0000000008008164       0xfc ./Drivers/STM32WLxx_HAL_Driver/stm32wlxx_hal_subghz.o
                0x0000000008008164                HAL_SUBGHZ_IRQHandler
 .text.SUBGHZSPI_Init
                0x0000000008008260       0x40 ./Drivers/STM32WLxx_HAL_Driver/stm32wlxx_hal_subghz.o
                0x0000000008008260                SUBGHZSPI_Init
 .text.SUBGHZSPI_Transmit
                0x00000000080082a0       0xac ./Drivers/STM32WLxx_HAL_Driver/stm32wlxx_hal_subghz.o
                0x00000000080082a0                SUBGHZSPI_Transmit
 .text.SUBGHZSPI_Receive
                0x000000000800834c       0xb0 ./Drivers/STM32WLxx_HAL_Driver/stm32wlxx_hal_subghz.o
                0x000000000800834c                SUBGHZSPI_Receive
 .text.SUBGHZ_CheckDeviceReady
                0x00000000080083fc       0x2e ./Drivers/STM32WLxx_HAL_Driver/stm32wlxx_hal_subghz.o
                0x00000000080083fc                SUBGHZ_CheckDeviceReady
 *fill*         0x000000000800842a        0x2 
 .text.SUBGHZ_WaitOnBusy
                0x000000000800842c       0x5c ./Drivers/STM32WLxx_HAL_Driver/stm32wlxx_hal_subghz.o
                0x000000000800842c                SUBGHZ_WaitOnBusy
 .text.LL_RCC_GetUSARTClockSource
                0x0000000008008488       0x24 ./Drivers/STM32WLxx_HAL_Driver/stm32wlxx_hal_uart.o
 .text.LL_RCC_GetLPUARTClockSource
                0x00000000080084ac       0x1e ./Drivers/STM32WLxx_HAL_Driver/stm32wlxx_hal_uart.o
 .text.HAL_UART_Init
                0x00000000080084ca       0xa0 ./Drivers/STM32WLxx_HAL_Driver/stm32wlxx_hal_uart.o
                0x00000000080084ca                HAL_UART_Init
 .text.HAL_UART_Receive_IT
                0x000000000800856a       0x5e ./Drivers/STM32WLxx_HAL_Driver/stm32wlxx_hal_uart.o
                0x000000000800856a                HAL_UART_Receive_IT
 .text.HAL_UART_Transmit_DMA
                0x00000000080085c8      0x100 ./Drivers/STM32WLxx_HAL_Driver/stm32wlxx_hal_uart.o
                0x00000000080085c8                HAL_UART_Transmit_DMA
 .text.HAL_UART_IRQHandler
                0x00000000080086c8      0x468 ./Drivers/STM32WLxx_HAL_Driver/stm32wlxx_hal_uart.o
                0x00000000080086c8                HAL_UART_IRQHandler
 .text.HAL_UART_TxHalfCpltCallback
                0x0000000008008b30       0x12 ./Drivers/STM32WLxx_HAL_Driver/stm32wlxx_hal_uart.o
                0x0000000008008b30                HAL_UART_TxHalfCpltCallback
 .text.HAL_UART_ErrorCallback
                0x0000000008008b42       0x12 ./Drivers/STM32WLxx_HAL_Driver/stm32wlxx_hal_uart.o
                0x0000000008008b42                HAL_UART_ErrorCallback
 .text.HAL_UARTEx_RxEventCallback
                0x0000000008008b54       0x16 ./Drivers/STM32WLxx_HAL_Driver/stm32wlxx_hal_uart.o
                0x0000000008008b54                HAL_UARTEx_RxEventCallback
 *fill*         0x0000000008008b6a        0x2 
 .text.UART_SetConfig
                0x0000000008008b6c      0x4e8 ./Drivers/STM32WLxx_HAL_Driver/stm32wlxx_hal_uart.o
                0x0000000008008b6c                UART_SetConfig
 .text.UART_AdvFeatureConfig
                0x0000000008009054      0x142 ./Drivers/STM32WLxx_HAL_Driver/stm32wlxx_hal_uart.o
                0x0000000008009054                UART_AdvFeatureConfig
 .text.UART_CheckIdleState
                0x0000000008009196       0x96 ./Drivers/STM32WLxx_HAL_Driver/stm32wlxx_hal_uart.o
                0x0000000008009196                UART_CheckIdleState
 .text.UART_WaitOnFlagUntilTimeout
                0x000000000800922c      0x100 ./Drivers/STM32WLxx_HAL_Driver/stm32wlxx_hal_uart.o
                0x000000000800922c                UART_WaitOnFlagUntilTimeout
 .text.UART_Start_Receive_IT
                0x000000000800932c      0x178 ./Drivers/STM32WLxx_HAL_Driver/stm32wlxx_hal_uart.o
                0x000000000800932c                UART_Start_Receive_IT
 .text.UART_EndTxTransfer
                0x00000000080094a4       0x3a ./Drivers/STM32WLxx_HAL_Driver/stm32wlxx_hal_uart.o
 .text.UART_EndRxTransfer
                0x00000000080094de       0x62 ./Drivers/STM32WLxx_HAL_Driver/stm32wlxx_hal_uart.o
 .text.UART_DMATransmitCplt
                0x0000000008009540       0x54 ./Drivers/STM32WLxx_HAL_Driver/stm32wlxx_hal_uart.o
 .text.UART_DMATxHalfCplt
                0x0000000008009594       0x1c ./Drivers/STM32WLxx_HAL_Driver/stm32wlxx_hal_uart.o
 .text.UART_DMAError
                0x00000000080095b0       0x80 ./Drivers/STM32WLxx_HAL_Driver/stm32wlxx_hal_uart.o
 .text.UART_DMAAbortOnError
                0x0000000008009630       0x2c ./Drivers/STM32WLxx_HAL_Driver/stm32wlxx_hal_uart.o
 .text.UART_EndTransmit_IT
                0x000000000800965c       0x34 ./Drivers/STM32WLxx_HAL_Driver/stm32wlxx_hal_uart.o
 .text.UART_RxISR_8BIT
                0x0000000008009690       0xd8 ./Drivers/STM32WLxx_HAL_Driver/stm32wlxx_hal_uart.o
 .text.UART_RxISR_16BIT
                0x0000000008009768       0xd8 ./Drivers/STM32WLxx_HAL_Driver/stm32wlxx_hal_uart.o
 .text.UART_RxISR_8BIT_FIFOEN
                0x0000000008009840      0x204 ./Drivers/STM32WLxx_HAL_Driver/stm32wlxx_hal_uart.o
 .text.UART_RxISR_16BIT_FIFOEN
                0x0000000008009a44      0x204 ./Drivers/STM32WLxx_HAL_Driver/stm32wlxx_hal_uart.o
 .text.HAL_UARTEx_WakeupCallback
                0x0000000008009c48       0x12 ./Drivers/STM32WLxx_HAL_Driver/stm32wlxx_hal_uart_ex.o
                0x0000000008009c48                HAL_UARTEx_WakeupCallback
 .text.HAL_UARTEx_RxFifoFullCallback
                0x0000000008009c5a       0x12 ./Drivers/STM32WLxx_HAL_Driver/stm32wlxx_hal_uart_ex.o
                0x0000000008009c5a                HAL_UARTEx_RxFifoFullCallback
 .text.HAL_UARTEx_TxFifoEmptyCallback
                0x0000000008009c6c       0x12 ./Drivers/STM32WLxx_HAL_Driver/stm32wlxx_hal_uart_ex.o
                0x0000000008009c6c                HAL_UARTEx_TxFifoEmptyCallback
 .text.HAL_UARTEx_StopModeWakeUpSourceConfig
                0x0000000008009c7e       0xb6 ./Drivers/STM32WLxx_HAL_Driver/stm32wlxx_hal_uart_ex.o
                0x0000000008009c7e                HAL_UARTEx_StopModeWakeUpSourceConfig
 .text.HAL_UARTEx_EnableStopMode
                0x0000000008009d34       0x42 ./Drivers/STM32WLxx_HAL_Driver/stm32wlxx_hal_uart_ex.o
                0x0000000008009d34                HAL_UARTEx_EnableStopMode
 .text.HAL_UARTEx_EnableFifoMode
                0x0000000008009d76       0x76 ./Drivers/STM32WLxx_HAL_Driver/stm32wlxx_hal_uart_ex.o
                0x0000000008009d76                HAL_UARTEx_EnableFifoMode
 .text.HAL_UARTEx_SetTxFifoThreshold
                0x0000000008009dec       0x7c ./Drivers/STM32WLxx_HAL_Driver/stm32wlxx_hal_uart_ex.o
                0x0000000008009dec                HAL_UARTEx_SetTxFifoThreshold
 .text.HAL_UARTEx_SetRxFifoThreshold
                0x0000000008009e68       0x7c ./Drivers/STM32WLxx_HAL_Driver/stm32wlxx_hal_uart_ex.o
                0x0000000008009e68                HAL_UARTEx_SetRxFifoThreshold
 .text.UARTEx_Wakeup_AddressConfig
                0x0000000008009ee4       0x44 ./Drivers/STM32WLxx_HAL_Driver/stm32wlxx_hal_uart_ex.o
 .text.UARTEx_SetNbDataToProcess
                0x0000000008009f28       0xc4 ./Drivers/STM32WLxx_HAL_Driver/stm32wlxx_hal_uart_ex.o
 .text.LL_AHB2_GRP1_EnableClock
                0x0000000008009fec       0x30 ./Drivers/STM32WLxx_Nucleo/stm32wlxx_nucleo.o
 .text.BSP_LED_Init
                0x000000000800a01c       0x74 ./Drivers/STM32WLxx_Nucleo/stm32wlxx_nucleo.o
                0x000000000800a01c                BSP_LED_Init
 .text.BSP_LED_On
                0x000000000800a090       0x34 ./Drivers/STM32WLxx_Nucleo/stm32wlxx_nucleo.o
                0x000000000800a090                BSP_LED_On
 .text.BSP_LED_Off
                0x000000000800a0c4       0x34 ./Drivers/STM32WLxx_Nucleo/stm32wlxx_nucleo.o
                0x000000000800a0c4                BSP_LED_Off
 .text.BSP_LED_GetState
                0x000000000800a0f8       0x34 ./Drivers/STM32WLxx_Nucleo/stm32wlxx_nucleo.o
                0x000000000800a0f8                BSP_LED_GetState
 .text.LL_AHB2_GRP1_EnableClock
                0x000000000800a12c       0x30 ./Drivers/STM32WLxx_Nucleo/stm32wlxx_nucleo_radio.o
 .text.BSP_RADIO_Init
                0x000000000800a15c       0x7c ./Drivers/STM32WLxx_Nucleo/stm32wlxx_nucleo_radio.o
                0x000000000800a15c                BSP_RADIO_Init
 .text.BSP_RADIO_ConfigRFSwitch
                0x000000000800a1d8       0xb8 ./Drivers/STM32WLxx_Nucleo/stm32wlxx_nucleo_radio.o
                0x000000000800a1d8                BSP_RADIO_ConfigRFSwitch
 .text.BSP_RADIO_GetTxConfig
                0x000000000800a290        0xe ./Drivers/STM32WLxx_Nucleo/stm32wlxx_nucleo_radio.o
                0x000000000800a290                BSP_RADIO_GetTxConfig
 .text.BSP_RADIO_GetWakeUpTime
                0x000000000800a29e        0xe ./Drivers/STM32WLxx_Nucleo/stm32wlxx_nucleo_radio.o
                0x000000000800a29e                BSP_RADIO_GetWakeUpTime
 .text.BSP_RADIO_IsTCXO
                0x000000000800a2ac        0xe ./Drivers/STM32WLxx_Nucleo/stm32wlxx_nucleo_radio.o
                0x000000000800a2ac                BSP_RADIO_IsTCXO
 .text.BSP_RADIO_IsDCDC
                0x000000000800a2ba        0xe ./Drivers/STM32WLxx_Nucleo/stm32wlxx_nucleo_radio.o
                0x000000000800a2ba                BSP_RADIO_IsDCDC
 .text.RadioSetRxGenericConfig
                0x000000000800a2c8      0x314 ./Middlewares/SubGHz_Phy/radio.o
 .text.RadioSetTxGenericConfig
                0x000000000800a5dc      0x2cc ./Middlewares/SubGHz_Phy/radio.o
 .text.RadioGetFskBandwidthRegValue
                0x000000000800a8a8       0x50 ./Middlewares/SubGHz_Phy/radio.o
 .text.RadioInit
                0x000000000800a8f8       0xac ./Middlewares/SubGHz_Phy/radio.o
 .text.RadioGetStatus
                0x000000000800a9a4       0x2e ./Middlewares/SubGHz_Phy/radio.o
 *fill*         0x000000000800a9d2        0x2 
 .text.RadioSetModem
                0x000000000800a9d4       0x74 ./Middlewares/SubGHz_Phy/radio.o
 .text.RadioSetChannel
                0x000000000800aa48       0x16 ./Middlewares/SubGHz_Phy/radio.o
 .text.RadioIsChannelFree
                0x000000000800aa5e       0xb4 ./Middlewares/SubGHz_Phy/radio.o
 .text.RadioRandom
                0x000000000800ab12       0x2c ./Middlewares/SubGHz_Phy/radio.o
 *fill*         0x000000000800ab3e        0x2 
 .text.RadioSetRxConfig
                0x000000000800ab40      0x41c ./Middlewares/SubGHz_Phy/radio.o
 .text.RadioSetTxConfig
                0x000000000800af5c      0x26c ./Middlewares/SubGHz_Phy/radio.o
 .text.RadioCheckRfFrequency
                0x000000000800b1c8       0x14 ./Middlewares/SubGHz_Phy/radio.o
 .text.RadioGetLoRaBandwidthInHz
                0x000000000800b1dc       0xac ./Middlewares/SubGHz_Phy/radio.o
 .text.RadioGetGfskTimeOnAirNumerator
                0x000000000800b288       0x54 ./Middlewares/SubGHz_Phy/radio.o
 .text.RadioGetLoRaTimeOnAirNumerator
                0x000000000800b2dc      0x102 ./Middlewares/SubGHz_Phy/radio.o
 *fill*         0x000000000800b3de        0x2 
 .text.RadioTimeOnAir
                0x000000000800b3e0       0xb0 ./Middlewares/SubGHz_Phy/radio.o
 .text.RadioSend
                0x000000000800b490      0x188 ./Middlewares/SubGHz_Phy/radio.o
 .text.RadioSleep
                0x000000000800b618       0x26 ./Middlewares/SubGHz_Phy/radio.o
 .text.RadioStandby
                0x000000000800b63e        0xe ./Middlewares/SubGHz_Phy/radio.o
 .text.RadioRx  0x000000000800b64c       0x68 ./Middlewares/SubGHz_Phy/radio.o
 .text.RadioRxBoosted
                0x000000000800b6b4       0x68 ./Middlewares/SubGHz_Phy/radio.o
 .text.RadioSetRxDutyCycle
                0x000000000800b71c       0x2c ./Middlewares/SubGHz_Phy/radio.o
 .text.RadioStartCad
                0x000000000800b748       0x1c ./Middlewares/SubGHz_Phy/radio.o
 .text.RadioSetTxContinuousWave
                0x000000000800b764       0x58 ./Middlewares/SubGHz_Phy/radio.o
 .text.RadioRssi
                0x000000000800b7bc       0x1a ./Middlewares/SubGHz_Phy/radio.o
 .text.RadioWrite
                0x000000000800b7d6       0x24 ./Middlewares/SubGHz_Phy/radio.o
 .text.RadioRead
                0x000000000800b7fa       0x1c ./Middlewares/SubGHz_Phy/radio.o
 .text.RadioWriteRegisters
                0x000000000800b816       0x26 ./Middlewares/SubGHz_Phy/radio.o
 .text.RadioReadRegisters
                0x000000000800b83c       0x26 ./Middlewares/SubGHz_Phy/radio.o
 *fill*         0x000000000800b862        0x2 
 .text.RadioSetMaxPayloadLength
                0x000000000800b864       0x5c ./Middlewares/SubGHz_Phy/radio.o
 .text.RadioSetPublicNetwork
                0x000000000800b8c0       0x5c ./Middlewares/SubGHz_Phy/radio.o
 .text.RadioGetWakeupTime
                0x000000000800b91c       0x10 ./Middlewares/SubGHz_Phy/radio.o
 .text.RadioOnTxTimeoutIrq
                0x000000000800b92c       0x30 ./Middlewares/SubGHz_Phy/radio.o
 .text.RadioOnRxTimeoutIrq
                0x000000000800b95c       0x30 ./Middlewares/SubGHz_Phy/radio.o
 .text.RadioOnDioIrq
                0x000000000800b98c       0x24 ./Middlewares/SubGHz_Phy/radio.o
 .text.RadioIrqProcess
                0x000000000800b9b0      0x358 ./Middlewares/SubGHz_Phy/radio.o
 .text.RadioTxPrbs
                0x000000000800bd08       0x38 ./Middlewares/SubGHz_Phy/radio.o
 .text.RadioTxCw
                0x000000000800bd40       0x2e ./Middlewares/SubGHz_Phy/radio.o
 .text.payload_integration
                0x000000000800bd6e      0x120 ./Middlewares/SubGHz_Phy/radio.o
 *fill*         0x000000000800be8e        0x2 
 .text.SUBGRF_Init
                0x000000000800be90       0x8c ./Middlewares/SubGHz_Phy/radio_driver.o
                0x000000000800be90                SUBGRF_Init
 .text.SUBGRF_GetOperatingMode
                0x000000000800bf1c       0x14 ./Middlewares/SubGHz_Phy/radio_driver.o
                0x000000000800bf1c                SUBGRF_GetOperatingMode
 .text.SUBGRF_SetPayload
                0x000000000800bf30       0x20 ./Middlewares/SubGHz_Phy/radio_driver.o
                0x000000000800bf30                SUBGRF_SetPayload
 .text.SUBGRF_GetPayload
                0x000000000800bf50       0x44 ./Middlewares/SubGHz_Phy/radio_driver.o
                0x000000000800bf50                SUBGRF_GetPayload
 .text.SUBGRF_SendPayload
                0x000000000800bf94       0x26 ./Middlewares/SubGHz_Phy/radio_driver.o
                0x000000000800bf94                SUBGRF_SendPayload
 .text.SUBGRF_SetSyncWord
                0x000000000800bfba       0x1e ./Middlewares/SubGHz_Phy/radio_driver.o
                0x000000000800bfba                SUBGRF_SetSyncWord
 .text.SUBGRF_SetCrcSeed
                0x000000000800bfd8       0x40 ./Middlewares/SubGHz_Phy/radio_driver.o
                0x000000000800bfd8                SUBGRF_SetCrcSeed
 .text.SUBGRF_SetCrcPolynomial
                0x000000000800c018       0x40 ./Middlewares/SubGHz_Phy/radio_driver.o
                0x000000000800c018                SUBGRF_SetCrcPolynomial
 .text.SUBGRF_SetWhiteningSeed
                0x000000000800c058       0x66 ./Middlewares/SubGHz_Phy/radio_driver.o
                0x000000000800c058                SUBGRF_SetWhiteningSeed
 .text.SUBGRF_GetRandom
                0x000000000800c0be       0x8c ./Middlewares/SubGHz_Phy/radio_driver.o
                0x000000000800c0be                SUBGRF_GetRandom
 *fill*         0x000000000800c14a        0x2 
 .text.SUBGRF_SetSleep
                0x000000000800c14c       0x68 ./Middlewares/SubGHz_Phy/radio_driver.o
                0x000000000800c14c                SUBGRF_SetSleep
 .text.SUBGRF_SetStandby
                0x000000000800c1b4       0x3c ./Middlewares/SubGHz_Phy/radio_driver.o
                0x000000000800c1b4                SUBGRF_SetStandby
 .text.SUBGRF_SetTx
                0x000000000800c1f0       0x44 ./Middlewares/SubGHz_Phy/radio_driver.o
                0x000000000800c1f0                SUBGRF_SetTx
 .text.SUBGRF_SetRx
                0x000000000800c234       0x44 ./Middlewares/SubGHz_Phy/radio_driver.o
                0x000000000800c234                SUBGRF_SetRx
 .text.SUBGRF_SetRxBoosted
                0x000000000800c278       0x4c ./Middlewares/SubGHz_Phy/radio_driver.o
                0x000000000800c278                SUBGRF_SetRxBoosted
 .text.SUBGRF_SetRxDutyCycle
                0x000000000800c2c4       0x5c ./Middlewares/SubGHz_Phy/radio_driver.o
                0x000000000800c2c4                SUBGRF_SetRxDutyCycle
 .text.SUBGRF_SetCad
                0x000000000800c320       0x24 ./Middlewares/SubGHz_Phy/radio_driver.o
                0x000000000800c320                SUBGRF_SetCad
 .text.SUBGRF_SetTxContinuousWave
                0x000000000800c344       0x18 ./Middlewares/SubGHz_Phy/radio_driver.o
                0x000000000800c344                SUBGRF_SetTxContinuousWave
 .text.SUBGRF_SetTxInfinitePreamble
                0x000000000800c35c       0x18 ./Middlewares/SubGHz_Phy/radio_driver.o
                0x000000000800c35c                SUBGRF_SetTxInfinitePreamble
 .text.SUBGRF_SetStopRxTimerOnPreambleDetect
                0x000000000800c374       0x24 ./Middlewares/SubGHz_Phy/radio_driver.o
                0x000000000800c374                SUBGRF_SetStopRxTimerOnPreambleDetect
 .text.SUBGRF_SetLoRaSymbNumTimeout
                0x000000000800c398       0x64 ./Middlewares/SubGHz_Phy/radio_driver.o
                0x000000000800c398                SUBGRF_SetLoRaSymbNumTimeout
 .text.SUBGRF_SetRegulatorMode
                0x000000000800c3fc       0x34 ./Middlewares/SubGHz_Phy/radio_driver.o
                0x000000000800c3fc                SUBGRF_SetRegulatorMode
 .text.SUBGRF_Calibrate
                0x000000000800c430       0x90 ./Middlewares/SubGHz_Phy/radio_driver.o
                0x000000000800c430                SUBGRF_Calibrate
 .text.SUBGRF_CalibrateImage
                0x000000000800c4c0       0x90 ./Middlewares/SubGHz_Phy/radio_driver.o
                0x000000000800c4c0                SUBGRF_CalibrateImage
 .text.SUBGRF_SetPaConfig
                0x000000000800c550       0x48 ./Middlewares/SubGHz_Phy/radio_driver.o
                0x000000000800c550                SUBGRF_SetPaConfig
 .text.SUBGRF_SetDioIrqParams
                0x000000000800c598       0x78 ./Middlewares/SubGHz_Phy/radio_driver.o
                0x000000000800c598                SUBGRF_SetDioIrqParams
 .text.SUBGRF_SetTcxoMode
                0x000000000800c610       0x48 ./Middlewares/SubGHz_Phy/radio_driver.o
                0x000000000800c610                SUBGRF_SetTcxoMode
 .text.SUBGRF_SetRfFrequency
                0x000000000800c658       0x90 ./Middlewares/SubGHz_Phy/radio_driver.o
                0x000000000800c658                SUBGRF_SetRfFrequency
 .text.SUBGRF_SetPacketType
                0x000000000800c6e8       0x3c ./Middlewares/SubGHz_Phy/radio_driver.o
                0x000000000800c6e8                SUBGRF_SetPacketType
 .text.SUBGRF_GetPacketType
                0x000000000800c724       0x14 ./Middlewares/SubGHz_Phy/radio_driver.o
                0x000000000800c724                SUBGRF_GetPacketType
 .text.SUBGRF_SetTxParams
                0x000000000800c738       0xd0 ./Middlewares/SubGHz_Phy/radio_driver.o
                0x000000000800c738                SUBGRF_SetTxParams
 .text.SUBGRF_SetModulationParams
                0x000000000800c808      0x1a8 ./Middlewares/SubGHz_Phy/radio_driver.o
                0x000000000800c808                SUBGRF_SetModulationParams
 .text.SUBGRF_SetPacketParams
                0x000000000800c9b0      0x140 ./Middlewares/SubGHz_Phy/radio_driver.o
                0x000000000800c9b0                SUBGRF_SetPacketParams
 .text.SUBGRF_SetBufferBaseAddress
                0x000000000800caf0       0x34 ./Middlewares/SubGHz_Phy/radio_driver.o
                0x000000000800caf0                SUBGRF_SetBufferBaseAddress
 .text.SUBGRF_GetRssiInst
                0x000000000800cb24       0x30 ./Middlewares/SubGHz_Phy/radio_driver.o
                0x000000000800cb24                SUBGRF_GetRssiInst
 .text.SUBGRF_GetRxBufferStatus
                0x000000000800cb54       0x5c ./Middlewares/SubGHz_Phy/radio_driver.o
                0x000000000800cb54                SUBGRF_GetRxBufferStatus
 .text.SUBGRF_GetPacketStatus
                0x000000000800cbb0       0xa8 ./Middlewares/SubGHz_Phy/radio_driver.o
                0x000000000800cbb0                SUBGRF_GetPacketStatus
 .text.SUBGRF_WriteRegister
                0x000000000800cc58       0x28 ./Middlewares/SubGHz_Phy/radio_driver.o
                0x000000000800cc58                SUBGRF_WriteRegister
 .text.SUBGRF_ReadRegister
                0x000000000800cc80       0x28 ./Middlewares/SubGHz_Phy/radio_driver.o
                0x000000000800cc80                SUBGRF_ReadRegister
 .text.SUBGRF_WriteRegisters
                0x000000000800cca8       0x28 ./Middlewares/SubGHz_Phy/radio_driver.o
                0x000000000800cca8                SUBGRF_WriteRegisters
 .text.SUBGRF_ReadRegisters
                0x000000000800ccd0       0x28 ./Middlewares/SubGHz_Phy/radio_driver.o
                0x000000000800ccd0                SUBGRF_ReadRegisters
 .text.SUBGRF_WriteBuffer
                0x000000000800ccf8       0x2c ./Middlewares/SubGHz_Phy/radio_driver.o
                0x000000000800ccf8                SUBGRF_WriteBuffer
 .text.SUBGRF_ReadBuffer
                0x000000000800cd24       0x2c ./Middlewares/SubGHz_Phy/radio_driver.o
                0x000000000800cd24                SUBGRF_ReadBuffer
 .text.SUBGRF_SetSwitch
                0x000000000800cd50       0x50 ./Middlewares/SubGHz_Phy/radio_driver.o
                0x000000000800cd50                SUBGRF_SetSwitch
 .text.SUBGRF_SetRfTxPower
                0x000000000800cda0       0x68 ./Middlewares/SubGHz_Phy/radio_driver.o
                0x000000000800cda0                SUBGRF_SetRfTxPower
 .text.SUBGRF_GetRadioWakeUpTime
                0x000000000800ce08        0xe ./Middlewares/SubGHz_Phy/radio_driver.o
                0x000000000800ce08                SUBGRF_GetRadioWakeUpTime
 *fill*         0x000000000800ce16        0x2 
 .text.HAL_SUBGHZ_TxCpltCallback
                0x000000000800ce18       0x1c ./Middlewares/SubGHz_Phy/radio_driver.o
                0x000000000800ce18                HAL_SUBGHZ_TxCpltCallback
 .text.HAL_SUBGHZ_RxCpltCallback
                0x000000000800ce34       0x1c ./Middlewares/SubGHz_Phy/radio_driver.o
                0x000000000800ce34                HAL_SUBGHZ_RxCpltCallback
 .text.HAL_SUBGHZ_CRCErrorCallback
                0x000000000800ce50       0x1c ./Middlewares/SubGHz_Phy/radio_driver.o
                0x000000000800ce50                HAL_SUBGHZ_CRCErrorCallback
 .text.HAL_SUBGHZ_CADStatusCallback
                0x000000000800ce6c       0x3c ./Middlewares/SubGHz_Phy/radio_driver.o
                0x000000000800ce6c                HAL_SUBGHZ_CADStatusCallback
 .text.HAL_SUBGHZ_RxTxTimeoutCallback
                0x000000000800cea8       0x20 ./Middlewares/SubGHz_Phy/radio_driver.o
                0x000000000800cea8                HAL_SUBGHZ_RxTxTimeoutCallback
 .text.HAL_SUBGHZ_HeaderErrorCallback
                0x000000000800cec8       0x1c ./Middlewares/SubGHz_Phy/radio_driver.o
                0x000000000800cec8                HAL_SUBGHZ_HeaderErrorCallback
 .text.HAL_SUBGHZ_PreambleDetectedCallback
                0x000000000800cee4       0x1c ./Middlewares/SubGHz_Phy/radio_driver.o
                0x000000000800cee4                HAL_SUBGHZ_PreambleDetectedCallback
 .text.HAL_SUBGHZ_SyncWordValidCallback
                0x000000000800cf00       0x1c ./Middlewares/SubGHz_Phy/radio_driver.o
                0x000000000800cf00                HAL_SUBGHZ_SyncWordValidCallback
 .text.HAL_SUBGHZ_HeaderValidCallback
                0x000000000800cf1c       0x1c ./Middlewares/SubGHz_Phy/radio_driver.o
                0x000000000800cf1c                HAL_SUBGHZ_HeaderValidCallback
 .text.Radio_SMPS_Set
                0x000000000800cf38       0x42 ./Middlewares/SubGHz_Phy/radio_driver.o
 *fill*         0x000000000800cf7a        0x2 
 .text.UTIL_ADV_TRACE_Init
                0x000000000800cf7c       0x38 ./Utilities/stm32_adv_trace.o
                0x000000000800cf7c                UTIL_ADV_TRACE_Init
 .text.UTIL_ADV_TRACE_StartRxProcess
                0x000000000800cfb4       0x20 ./Utilities/stm32_adv_trace.o
                0x000000000800cfb4                UTIL_ADV_TRACE_StartRxProcess
 .text.UTIL_ADV_TRACE_COND_FSend
                0x000000000800cfd4      0x100 ./Utilities/stm32_adv_trace.o
                0x000000000800cfd4                UTIL_ADV_TRACE_COND_FSend
 .text.UTIL_ADV_TRACE_RegisterTimeStampFunction
                0x000000000800d0d4       0x1c ./Utilities/stm32_adv_trace.o
                0x000000000800d0d4                UTIL_ADV_TRACE_RegisterTimeStampFunction
 .text.UTIL_ADV_TRACE_SetVerboseLevel
                0x000000000800d0f0       0x20 ./Utilities/stm32_adv_trace.o
                0x000000000800d0f0                UTIL_ADV_TRACE_SetVerboseLevel
 .text.UTIL_ADV_TRACE_GetVerboseLevel
                0x000000000800d110       0x14 ./Utilities/stm32_adv_trace.o
                0x000000000800d110                UTIL_ADV_TRACE_GetVerboseLevel
 .text.TRACE_Send
                0x000000000800d124      0x108 ./Utilities/stm32_adv_trace.o
 .text.TRACE_TxCpltCallback
                0x000000000800d22c      0x110 ./Utilities/stm32_adv_trace.o
 .text.TRACE_AllocateBufer
                0x000000000800d33c       0xfc ./Utilities/stm32_adv_trace.o
 .text.TRACE_Lock
                0x000000000800d438       0x3c ./Utilities/stm32_adv_trace.o
 .text.TRACE_UnLock
                0x000000000800d474       0x3c ./Utilities/stm32_adv_trace.o
 .text.TRACE_IsLocked
                0x000000000800d4b0       0x20 ./Utilities/stm32_adv_trace.o
 .text.UTIL_LPM_Init
                0x000000000800d4d0       0x20 ./Utilities/stm32_lpm.o
                0x000000000800d4d0                UTIL_LPM_Init
 .text.UTIL_LPM_SetStopMode
                0x000000000800d4f0       0x60 ./Utilities/stm32_lpm.o
                0x000000000800d4f0                UTIL_LPM_SetStopMode
 .text.UTIL_LPM_SetOffMode
                0x000000000800d550       0x60 ./Utilities/stm32_lpm.o
                0x000000000800d550                UTIL_LPM_SetOffMode
 .text.UTIL_LPM_EnterLowPower
                0x000000000800d5b0       0x6c ./Utilities/stm32_lpm.o
                0x000000000800d5b0                UTIL_LPM_EnterLowPower
 .text.UTIL_MEM_set_8
                0x000000000800d61c       0x36 ./Utilities/stm32_mem.o
                0x000000000800d61c                UTIL_MEM_set_8
 *fill*         0x000000000800d652        0x2 
 .text.UTIL_SEQ_Run
                0x000000000800d654      0x1c8 ./Utilities/stm32_seq.o
                0x000000000800d654                UTIL_SEQ_Run
 .text.UTIL_SEQ_RegTask
                0x000000000800d81c       0x44 ./Utilities/stm32_seq.o
                0x000000000800d81c                UTIL_SEQ_RegTask
 .text.UTIL_SEQ_SetTask
                0x000000000800d860       0x58 ./Utilities/stm32_seq.o
                0x000000000800d860                UTIL_SEQ_SetTask
 .text.UTIL_SEQ_PreIdle
                0x000000000800d8b8        0xc ./Utilities/stm32_seq.o
                0x000000000800d8b8                UTIL_SEQ_PreIdle
 .text.UTIL_SEQ_PostIdle
                0x000000000800d8c4        0xc ./Utilities/stm32_seq.o
                0x000000000800d8c4                UTIL_SEQ_PostIdle
 .text.SEQ_BitPosition
                0x000000000800d8d0       0x70 ./Utilities/stm32_seq.o
                0x000000000800d8d0                SEQ_BitPosition
 .text.SysTimeAdd
                0x000000000800d940       0x72 ./Utilities/stm32_systime.o
                0x000000000800d940                SysTimeAdd
 *fill*         0x000000000800d9b2        0x2 
 .text.SysTimeGet
                0x000000000800d9b4       0x70 ./Utilities/stm32_systime.o
                0x000000000800d9b4                SysTimeGet
 .text.UTIL_TIMER_Init
                0x000000000800da24       0x20 ./Utilities/stm32_timer.o
                0x000000000800da24                UTIL_TIMER_Init
 .text.UTIL_TIMER_Create
                0x000000000800da44       0x6c ./Utilities/stm32_timer.o
                0x000000000800da44                UTIL_TIMER_Create
 .text.UTIL_TIMER_Start
                0x000000000800dab0       0xdc ./Utilities/stm32_timer.o
                0x000000000800dab0                UTIL_TIMER_Start
 .text.UTIL_TIMER_Stop
                0x000000000800db8c       0xe0 ./Utilities/stm32_timer.o
                0x000000000800db8c                UTIL_TIMER_Stop
 .text.UTIL_TIMER_SetPeriod
                0x000000000800dc6c       0x54 ./Utilities/stm32_timer.o
                0x000000000800dc6c                UTIL_TIMER_SetPeriod
 .text.UTIL_TIMER_IRQ_Handler
                0x000000000800dcc0      0x100 ./Utilities/stm32_timer.o
                0x000000000800dcc0                UTIL_TIMER_IRQ_Handler
 .text.UTIL_TIMER_GetCurrentTime
                0x000000000800ddc0       0x24 ./Utilities/stm32_timer.o
                0x000000000800ddc0                UTIL_TIMER_GetCurrentTime
 .text.UTIL_TIMER_GetElapsedTime
                0x000000000800dde4       0x38 ./Utilities/stm32_timer.o
                0x000000000800dde4                UTIL_TIMER_GetElapsedTime
 .text.TimerExists
                0x000000000800de1c       0x38 ./Utilities/stm32_timer.o
                0x000000000800de1c                TimerExists
 .text.TimerSetTimeout
                0x000000000800de54       0x54 ./Utilities/stm32_timer.o
                0x000000000800de54                TimerSetTimeout
 .text.TimerInsertTimer
                0x000000000800dea8       0x60 ./Utilities/stm32_timer.o
                0x000000000800dea8                TimerInsertTimer
 .text.TimerInsertNewHeadTimer
                0x000000000800df08       0x3c ./Utilities/stm32_timer.o
                0x000000000800df08                TimerInsertNewHeadTimer