../../../../../../../Drivers/STM32WLxx_HAL_Driver/Inc/stm32wlxx_ll_rcc.h:1258:22:LL_RCC_LSE_SetDriveCapability	16	static
/home/abc/Workspace/Work/Cranesafe/Code/STM32Cube_FW_WL_V1.0.0/Projects/NUCLEO-WL55JC/Demonstrations/LocalNetwork/LocalNetwork_Concentrator/Core/Src/main.c:162:5:main	16	static
/home/abc/Workspace/Work/Cranesafe/Code/STM32Cube_FW_WL_V1.0.0/Projects/NUCLEO-WL55JC/Demonstrations/LocalNetwork/LocalNetwork_Concentrator/Core/Src/main.c:245:6:SystemClock_Config	112	static
/home/abc/Workspace/Work/Cranesafe/Code/STM32Cube_FW_WL_V1.0.0/Projects/NUCLEO-WL55JC/Demonstrations/LocalNetwork/LocalNetwork_Concentrator/Core/Src/main.c:298:6:Error_Handler	4	static
/home/abc/Workspace/Work/Cranesafe/Code/STM32Cube_FW_WL_V1.0.0/Projects/NUCLEO-WL55JC/Demonstrations/LocalNetwork/LocalNetwork_Concentrator/Core/Src/main.c:336:13:launch_CMD_task	8	static
